******************************************************************************
             TMS320C2000 Linker PC v15.12.3                    
******************************************************************************
>> Linked Mon Apr 29 14:40:03 2019

OUTPUT FILE NAME:   <3.5Infrared_blackline.out>
ENTRY POINT SYMBOL: "_c_int00"  address: 003f5191


MEMORY CONFIGURATION

         name            origin    length      used     unused   attr    fill
----------------------  --------  ---------  --------  --------  ----  --------
PAGE 0:
  RAML0                 00008000   00000800  0000001f  000007e1  RWIX
  RAML1                 00008800   00000400  00000000  00000400  RWIX
  OTP                   003d7800   00000400  00000000  00000400  RWIX
  FLASHH                003d8000   00004000  00000000  00004000  RWIX
  FLASHG                003dc000   00004000  00000000  00004000  RWIX
  FLASHF                003e0000   00004000  00000000  00004000  RWIX
  FLASHE                003e4000   00004000  00000000  00004000  RWIX
  FLASHD                003e8000   00004000  0000001f  00003fe1  RWIX
  FLASHC                003ec000   00004000  00000000  00004000  RWIX
  FLASHA                003f4000   00003f80  0000168d  000028f3  RWIX
  CSM_RSVD              003f7f80   00000076  00000000  00000076  RWIX
  BEGIN                 003f7ff6   00000002  00000002  00000000  RWIX
  CSM_PWL_P0            003f7ff8   00000008  00000000  00000008  RWIX
  FPUTABLES             003fd860   000006a0  00000000  000006a0  RWIX
  IQTABLES              003fdf00   00000b50  00000000  00000b50  RWIX
  IQTABLES2             003fea50   0000008c  00000000  0000008c  RWIX
  IQTABLES3             003feadc   000000aa  00000000  000000aa  RWIX
  ROM                   003ff3b0   00000c10  00000000  00000c10  RWIX
  RESET                 003fffc0   00000002  00000000  00000002  RWIX
  VECTORS               003fffc2   0000003e  00000000  0000003e  RWIX

PAGE 1:
  BOOT_RSVD             00000000   00000050  00000000  00000050  RWIX
  RAMM0                 00000050   000003b0  00000300  000000b0  RWIX
  RAMM1                 00000400   00000400  00000000  00000400  RWIX
  DEV_EMU               00000880   00000105  00000004  00000101  RWIX
  SYS_PWR_CTL           00000985   00000003  00000003  00000000  RWIX
  FLASH_REGS            00000a80   00000060  00000008  00000058  RWIX
  CSM                   00000ae0   00000020  00000010  00000010  RWIX
  ADC_RESULT            00000b00   00000020  00000010  00000010  RWIX
  CPU_TIMER0            00000c00   00000008  00000008  00000000  RWIX
  CPU_TIMER1            00000c08   00000008  00000008  00000000  RWIX
  CPU_TIMER2            00000c10   00000008  00000008  00000000  RWIX
  PIE_CTRL              00000ce0   00000020  0000001a  00000006  RWIX
  PIE_VECT              00000d00   00000100  00000100  00000000  RWIX
  DMA                   00001000   00000200  000000e0  00000120  RWIX
  CLA1                  00001400   00000080  00000040  00000040  RWIX
  USB0                  00004000   00001000  00000454  00000bac  RWIX
  McBSPA                00005000   00000040  00000024  0000001c  RWIX
  ECANA                 00006000   00000040  00000034  0000000c  RWIX
  ECANA_LAM             00006040   00000040  00000040  00000000  RWIX
  ECANA_MOTS            00006080   00000040  00000040  00000000  RWIX
  ECANA_MOTO            000060c0   00000040  00000040  00000000  RWIX
  ECANA_MBOX            00006100   00000100  00000100  00000000  RWIX
  COMP1                 00006400   00000020  00000014  0000000c  RWIX
  COMP2                 00006420   00000020  00000014  0000000c  RWIX
  COMP3                 00006440   00000020  00000014  0000000c  RWIX
  EPWM1                 00006800   00000040  00000040  00000000  RWIX
  EPWM2                 00006840   00000040  00000040  00000000  RWIX
  EPWM3                 00006880   00000040  00000040  00000000  RWIX
  EPWM4                 000068c0   00000040  00000040  00000000  RWIX
  EPWM5                 00006900   00000040  00000040  00000000  RWIX
  EPWM6                 00006940   00000040  00000040  00000000  RWIX
  EPWM7                 00006980   00000040  00000040  00000000  RWIX
  EPWM8                 000069c0   00000040  00000040  00000000  RWIX
  ECAP1                 00006a00   00000020  00000020  00000000  RWIX
  ECAP2                 00006a20   00000020  00000020  00000000  RWIX
  ECAP3                 00006a40   00000020  00000020  00000000  RWIX
  HRCAP1                00006ac0   00000020  00000020  00000000  RWIX
  HRCAP2                00006ae0   00000020  00000020  00000000  RWIX
  EQEP1                 00006b00   00000040  00000022  0000001e  RWIX
  EQEP2                 00006b40   00000040  00000022  0000001e  RWIX
  HRCAP3                00006c80   00000020  00000020  00000000  RWIX
  HRCAP4                00006ca0   00000020  00000020  00000000  RWIX
  GPIOCTRL              00006f80   00000040  00000040  00000000  RWIX
  GPIODAT               00006fc0   00000020  00000020  00000000  RWIX
  GPIOINT               00006fe0   00000020  00000020  00000000  RWIX
  SYSTEM                00007010   00000030  00000030  00000000  RWIX
  SPIA                  00007040   00000010  00000010  00000000  RWIX
  SCIA                  00007050   00000010  00000010  00000000  RWIX
  NMIINTRUPT            00007060   00000010  00000010  00000000  RWIX
  XINTRUPT              00007070   00000010  00000010  00000000  RWIX
  ADC                   00007100   00000080  00000050  00000030  RWIX
  SPIB                  00007740   00000010  00000010  00000000  RWIX
  SCIB                  00007750   00000010  00000010  00000000  RWIX
  I2CA                  00007900   00000040  00000022  0000001e  RWIX
  RAML2                 00008c00   00000400  00000000  00000400  RWIX
  RAML3                 00009000   00001000  00000000  00001000  RWIX
  RAML4                 0000a000   00002000  000000bf  00001f41  RWIX
  RAML5                 0000c000   00002000  00000000  00002000  RWIX
  RAML6                 0000e000   00002000  00000000  00002000  RWIX
  RAML7                 00010000   00002000  00000000  00002000  RWIX
  RAML8                 00012000   00002000  00000000  00002000  RWIX
  USB_RAM               00040000   00000800  00000000  00000800  RWIX
  PARTID                003d7e80   00000001  00000001  00000000  RWIX
  FLASHB                003f0000   00004000  00000000  00004000  RWIX
  CSM_PWL               003f7ff8   00000008  00000008  00000000  RWIX


SECTION ALLOCATION MAP

 output                                  attributes/
section   page    origin      length       input sections
--------  ----  ----------  ----------   ----------------
ramfuncs   0    003e8000    0000001f     RUN ADDR = 00008000
                  003e8000    0000001b     F2806x_SysCtrl.obj (ramfuncs)
                  003e801b    00000004     F2806x_usDelay.obj (ramfuncs)

.text      0    003f4000    00001436     
                  003f4000    000003a7     F2806x_DefaultIsr.obj (.text:retain)
                  003f43a7    00000357     main.obj (.text)
                  003f46fe    00000269     MPU6050.obj (.text)
                  003f4967    0000018c     F2806x_SysCtrl.obj (.text)
                  003f4af3    0000013f     IIC.obj (.text)
                  003f4c32    000000d8     F2806x_EPwm.obj (.text)
                  003f4d0a    000000d4     rts2800_fpu32.lib : e_atan2f.obj (.text)
                  003f4dde    000000c9                       : s_atanf.obj (.text)
                  003f4ea7    000000b4     Sci.obj (.text:retain)
                  003f4f5b    00000088     rts2800_fpu32.lib : fs_div.obj (.text)
                  003f4fe3    0000007a     F2806x_CpuTimers.obj (.text)
                  003f505d    00000070     main.obj (.text:retain)
                  003f50cd    00000068     EPwm.obj (.text)
                  003f5135    0000005c     QEP.obj (.text)
                  003f5191    00000056     rts2800_fpu32.lib : boot.obj (.text)
                  003f51e7    00000046                       : cpy_tbl.obj (.text)
                  003f522d    00000039     Ecap.obj (.text)
                  003f5266    00000034     F2806x_EQep.obj (.text)
                  003f529a    0000002f     F2806x_Sci.obj (.text)
                  003f52c9    0000002e     F2806x_ECap.obj (.text)
                  003f52f7    00000029     rts2800_fpu32.lib : exit.obj (.text)
                  003f5320    00000028     F2806x_PieCtrl.obj (.text)
                  003f5348    00000028     Key.obj (.text)
                  003f5370    00000026     F2806x_PieVect.obj (.text)
                  003f5396    0000001e     rts2800_fpu32.lib : memcpy.obj (.text)
                  003f53b4    0000001c     Ecap.obj (.text:retain)
                  003f53d0    0000001a     rts2800_fpu32.lib : cpy_utils.obj (.text)
                  003f53ea    00000019                       : args_main.obj (.text)
                  003f5403    00000015     Sci.obj (.text)
                  003f5418    00000009     rts2800_fpu32.lib : _lock.obj (.text)
                  003f5421    00000008     F2806x_CodeStartBranch.obj (.text)
                  003f5429    00000007     F2806x_DisInt.obj (.text)
                  003f5430    00000003     F2806x_DBGIER.obj (.text)
                  003f5433    00000002     rts2800_fpu32.lib : pre_init.obj (.text)
                  003f5435    00000001                       : startup.obj (.text)

.cinit     0    003f5436    0000012d     
                  003f5436    00000091     main.obj (.cinit)
                  003f54c7    00000072     MPU6050.obj (.cinit)
                  003f5539    0000000e     rts2800_fpu32.lib : exit.obj (.cinit)
                  003f5547    0000000c     Sci.obj (.cinit)
                  003f5553    00000005     rts2800_fpu32.lib : _lock.obj (.cinit:__lock)
                  003f5558    00000005                       : _lock.obj (.cinit:__unlock)
                  003f555d    00000004     Key.obj (.cinit)
                  003f5561    00000002     --HOLE-- [fill = 0]

.pinit     0    003f4000    00000000     UNINITIALIZED

.econst    0    003f5564    0000012a     
                  003f5564    00000100     F2806x_PieVect.obj (.econst:_PieVectTableInit)
                  003f5664    0000000c     rts2800_fpu32.lib : e_atan2f.obj (.econst)
                  003f5670    0000000a                       : s_atanf.obj (.econst:_aT)
                  003f567a    00000008                       : s_atanf.obj (.econst:_atanhi)
                  003f5682    00000008                       : s_atanf.obj (.econst:_atanlo)
                  003f568a    00000004                       : s_atanf.obj (.econst)

codestart 
*          0    003f7ff6    00000002     
                  003f7ff6    00000002     F2806x_CodeStartBranch.obj (codestart)

.stack     1    00000050    00000300     UNINITIALIZED
                  00000050    00000300     --HOLE--

DevEmuRegsFile 
*          1    00000880    00000004     UNINITIALIZED
                  00000880    00000004     F2806x_GlobalVariableDefs.obj (DevEmuRegsFile)

SysPwrCtrlRegsFile 
*          1    00000985    00000003     UNINITIALIZED
                  00000985    00000003     F2806x_GlobalVariableDefs.obj (SysPwrCtrlRegsFile)

FlashRegsFile 
*          1    00000a80    00000008     UNINITIALIZED
                  00000a80    00000008     F2806x_GlobalVariableDefs.obj (FlashRegsFile)

CsmRegsFile 
*          1    00000ae0    00000010     UNINITIALIZED
                  00000ae0    00000010     F2806x_GlobalVariableDefs.obj (CsmRegsFile)

AdcResultFile 
*          1    00000b00    00000010     UNINITIALIZED
                  00000b00    00000010     F2806x_GlobalVariableDefs.obj (AdcResultFile)

CpuTimer0RegsFile 
*          1    00000c00    00000008     UNINITIALIZED
                  00000c00    00000008     F2806x_GlobalVariableDefs.obj (CpuTimer0RegsFile)

CpuTimer1RegsFile 
*          1    00000c08    00000008     UNINITIALIZED
                  00000c08    00000008     F2806x_GlobalVariableDefs.obj (CpuTimer1RegsFile)

CpuTimer2RegsFile 
*          1    00000c10    00000008     UNINITIALIZED
                  00000c10    00000008     F2806x_GlobalVariableDefs.obj (CpuTimer2RegsFile)

PieCtrlRegsFile 
*          1    00000ce0    0000001a     UNINITIALIZED
                  00000ce0    0000001a     F2806x_GlobalVariableDefs.obj (PieCtrlRegsFile)

PieVectTableFile 
*          1    00000d00    00000100     UNINITIALIZED
                  00000d00    00000100     F2806x_GlobalVariableDefs.obj (PieVectTableFile)

EmuKeyVar 
*          1    00000d00    00000001     UNINITIALIZED
                  00000d00    00000001     F2806x_GlobalVariableDefs.obj (EmuKeyVar)

EmuBModeVar 
*          1    00000d01    00000001     UNINITIALIZED
                  00000d01    00000001     F2806x_GlobalVariableDefs.obj (EmuBModeVar)

FlashCallbackVar 
*          1    00000d02    00000002     UNINITIALIZED
                  00000d02    00000002     F2806x_GlobalVariableDefs.obj (FlashCallbackVar)

FlashScalingVar 
*          1    00000d04    00000002     UNINITIALIZED
                  00000d04    00000002     F2806x_GlobalVariableDefs.obj (FlashScalingVar)

DmaRegsFile 
*          1    00001000    000000e0     UNINITIALIZED
                  00001000    000000e0     F2806x_GlobalVariableDefs.obj (DmaRegsFile)

Cla1RegsFile 
*          1    00001400    00000040     UNINITIALIZED
                  00001400    00000040     F2806x_GlobalVariableDefs.obj (Cla1RegsFile)

Usb0RegsFile 
*          1    00004000    00000454     UNINITIALIZED
                  00004000    00000454     F2806x_GlobalVariableDefs.obj (Usb0RegsFile)

McbspaRegsFile 
*          1    00005000    00000024     UNINITIALIZED
                  00005000    00000024     F2806x_GlobalVariableDefs.obj (McbspaRegsFile)

ECanaRegsFile 
*          1    00006000    00000034     UNINITIALIZED
                  00006000    00000034     F2806x_GlobalVariableDefs.obj (ECanaRegsFile)

ECanaLAMRegsFile 
*          1    00006040    00000040     UNINITIALIZED
                  00006040    00000040     F2806x_GlobalVariableDefs.obj (ECanaLAMRegsFile)

ECanaMOTSRegsFile 
*          1    00006080    00000040     UNINITIALIZED
                  00006080    00000040     F2806x_GlobalVariableDefs.obj (ECanaMOTSRegsFile)

ECanaMOTORegsFile 
*          1    000060c0    00000040     UNINITIALIZED
                  000060c0    00000040     F2806x_GlobalVariableDefs.obj (ECanaMOTORegsFile)

ECanaMboxesFile 
*          1    00006100    00000100     UNINITIALIZED
                  00006100    00000100     F2806x_GlobalVariableDefs.obj (ECanaMboxesFile)

Comp1RegsFile 
*          1    00006400    00000014     UNINITIALIZED
                  00006400    00000014     F2806x_GlobalVariableDefs.obj (Comp1RegsFile)

Comp2RegsFile 
*          1    00006420    00000014     UNINITIALIZED
                  00006420    00000014     F2806x_GlobalVariableDefs.obj (Comp2RegsFile)

Comp3RegsFile 
*          1    00006440    00000014     UNINITIALIZED
                  00006440    00000014     F2806x_GlobalVariableDefs.obj (Comp3RegsFile)

EPwm1RegsFile 
*          1    00006800    00000040     UNINITIALIZED
                  00006800    00000040     F2806x_GlobalVariableDefs.obj (EPwm1RegsFile)

EPwm2RegsFile 
*          1    00006840    00000040     UNINITIALIZED
                  00006840    00000040     F2806x_GlobalVariableDefs.obj (EPwm2RegsFile)

EPwm3RegsFile 
*          1    00006880    00000040     UNINITIALIZED
                  00006880    00000040     F2806x_GlobalVariableDefs.obj (EPwm3RegsFile)

EPwm4RegsFile 
*          1    000068c0    00000040     UNINITIALIZED
                  000068c0    00000040     F2806x_GlobalVariableDefs.obj (EPwm4RegsFile)

EPwm5RegsFile 
*          1    00006900    00000040     UNINITIALIZED
                  00006900    00000040     F2806x_GlobalVariableDefs.obj (EPwm5RegsFile)

EPwm6RegsFile 
*          1    00006940    00000040     UNINITIALIZED
                  00006940    00000040     F2806x_GlobalVariableDefs.obj (EPwm6RegsFile)

EPwm7RegsFile 
*          1    00006980    00000040     UNINITIALIZED
                  00006980    00000040     F2806x_GlobalVariableDefs.obj (EPwm7RegsFile)

EPwm8RegsFile 
*          1    000069c0    00000040     UNINITIALIZED
                  000069c0    00000040     F2806x_GlobalVariableDefs.obj (EPwm8RegsFile)

ECap1RegsFile 
*          1    00006a00    00000020     UNINITIALIZED
                  00006a00    00000020     F2806x_GlobalVariableDefs.obj (ECap1RegsFile)

ECap2RegsFile 
*          1    00006a20    00000020     UNINITIALIZED
                  00006a20    00000020     F2806x_GlobalVariableDefs.obj (ECap2RegsFile)

ECap3RegsFile 
*          1    00006a40    00000020     UNINITIALIZED
                  00006a40    00000020     F2806x_GlobalVariableDefs.obj (ECap3RegsFile)

HRCap1RegsFile 
*          1    00006ac0    00000020     UNINITIALIZED
                  00006ac0    00000020     F2806x_GlobalVariableDefs.obj (HRCap1RegsFile)

HRCap2RegsFile 
*          1    00006ae0    00000020     UNINITIALIZED
                  00006ae0    00000020     F2806x_GlobalVariableDefs.obj (HRCap2RegsFile)

EQep1RegsFile 
*          1    00006b00    00000022     UNINITIALIZED
                  00006b00    00000022     F2806x_GlobalVariableDefs.obj (EQep1RegsFile)

EQep2RegsFile 
*          1    00006b40    00000022     UNINITIALIZED
                  00006b40    00000022     F2806x_GlobalVariableDefs.obj (EQep2RegsFile)

HRCap3RegsFile 
*          1    00006c80    00000020     UNINITIALIZED
                  00006c80    00000020     F2806x_GlobalVariableDefs.obj (HRCap3RegsFile)

HRCap4RegsFile 
*          1    00006ca0    00000020     UNINITIALIZED
                  00006ca0    00000020     F2806x_GlobalVariableDefs.obj (HRCap4RegsFile)

GpioCtrlRegsFile 
*          1    00006f80    00000040     UNINITIALIZED
                  00006f80    00000040     F2806x_GlobalVariableDefs.obj (GpioCtrlRegsFile)

GpioDataRegsFile 
*          1    00006fc0    00000020     UNINITIALIZED
                  00006fc0    00000020     F2806x_GlobalVariableDefs.obj (GpioDataRegsFile)

GpioIntRegsFile 
*          1    00006fe0    00000020     UNINITIALIZED
                  00006fe0    00000020     F2806x_GlobalVariableDefs.obj (GpioIntRegsFile)

SysCtrlRegsFile 
*          1    00007010    00000030     UNINITIALIZED
                  00007010    00000030     F2806x_GlobalVariableDefs.obj (SysCtrlRegsFile)

SpiaRegsFile 
*          1    00007040    00000010     UNINITIALIZED
                  00007040    00000010     F2806x_GlobalVariableDefs.obj (SpiaRegsFile)

SciaRegsFile 
*          1    00007050    00000010     UNINITIALIZED
                  00007050    00000010     F2806x_GlobalVariableDefs.obj (SciaRegsFile)

NmiIntruptRegsFile 
*          1    00007060    00000010     UNINITIALIZED
                  00007060    00000010     F2806x_GlobalVariableDefs.obj (NmiIntruptRegsFile)

XIntruptRegsFile 
*          1    00007070    00000010     UNINITIALIZED
                  00007070    00000010     F2806x_GlobalVariableDefs.obj (XIntruptRegsFile)

AdcRegsFile 
*          1    00007100    00000050     UNINITIALIZED
                  00007100    00000050     F2806x_GlobalVariableDefs.obj (AdcRegsFile)

SpibRegsFile 
*          1    00007740    00000010     UNINITIALIZED
                  00007740    00000010     F2806x_GlobalVariableDefs.obj (SpibRegsFile)

ScibRegsFile 
*          1    00007750    00000010     UNINITIALIZED
                  00007750    00000010     F2806x_GlobalVariableDefs.obj (ScibRegsFile)

I2caRegsFile 
*          1    00007900    00000022     UNINITIALIZED
                  00007900    00000022     F2806x_GlobalVariableDefs.obj (I2caRegsFile)

.ebss      1    0000a000    000000bf     UNINITIALIZED
                  0000a000    00000056     MPU6050.obj (.ebss)
                  0000a056    00000018     F2806x_CpuTimers.obj (.ebss)
                  0000a06e    0000000e     Sci.obj (.ebss)
                  0000a07c    00000002     rts2800_fpu32.lib : _lock.obj (.ebss:__lock)
                  0000a07e    00000002                       : _lock.obj (.ebss:__unlock)
                  0000a080    00000038     main.obj (.ebss)
                  0000a0b8    00000006     rts2800_fpu32.lib : exit.obj (.ebss)
                  0000a0be    00000001     Key.obj (.ebss)

.reset     0    003fffc0    00000002     DSECT
                  003fffc0    00000002     rts2800_fpu32.lib : boot.obj (.reset)

vectors    0    003fffc2    00000000     DSECT

PartIdRegsFile 
*          1    003d7e80    00000001     UNINITIALIZED
                  003d7e80    00000001     F2806x_GlobalVariableDefs.obj (PartIdRegsFile)

CsmPwlFile 
*          1    003f7ff8    00000008     UNINITIALIZED
                  003f7ff8    00000008     F2806x_GlobalVariableDefs.obj (CsmPwlFile)

MODULE SUMMARY

       Module                          code   ro data   rw data
       ------                          ----   -------   -------
    .\
       main.obj                        967    0         201    
    +--+-------------------------------+------+---------+---------+
       Total:                          967    0         201    
                                                               
    .\hardware\
       MPU6050.obj                     617    0         200    
       IIC.obj                         319    0         0      
       Sci.obj                         201    0         26     
       EPwm.obj                        104    0         0      
       QEP.obj                         92     0         0      
       Ecap.obj                        85     0         0      
       Key.obj                         40     0         5      
    +--+-------------------------------+------+---------+---------+
       Total:                          1458   0         231    
                                                               
    .\source\
       F2806x_GlobalVariableDefs.obj   0      0         3550   
       F2806x_DefaultIsr.obj           935    0         0      
       F2806x_SysCtrl.obj              450    0         0      
       F2806x_PieVect.obj              38     0         256    
       F2806x_EPwm.obj                 216    0         0      
       F2806x_CpuTimers.obj            122    0         24     
       F2806x_EQep.obj                 52     0         0      
       F2806x_Sci.obj                  47     0         0      
       F2806x_ECap.obj                 46     0         0      
       F2806x_PieCtrl.obj              40     0         0      
       F2806x_CodeStartBranch.obj      10     0         0      
       F2806x_usDelay.obj              8      0         0      
       F2806x_DisInt.obj               7      0         0      
       F2806x_DBGIER.obj               3      0         0      
    +--+-------------------------------+------+---------+---------+
       Total:                          1974   0         3830   
                                                               
    D:\app\CCS\ccsv6\tools\compiler\c2000_15.12.3.LTS\lib\rts2800_fpu32.lib
       s_atanf.obj                     201    0         30     
       e_atan2f.obj                    212    0         12     
       fs_div.obj                      136    0         0      
       boot.obj                        86     0         0      
       cpy_tbl.obj                     70     0         0      
       exit.obj                        41     0         20     
       memcpy.obj                      30     0         0      
       cpy_utils.obj                   26     0         0      
       args_main.obj                   25     0         0      
       _lock.obj                       9      0         14     
       pre_init.obj                    2      0         0      
       startup.obj                     1      0         0      
    +--+-------------------------------+------+---------+---------+
       Total:                          839    0         76     
                                                               
       Stack:                          0      0         768    
    +--+-------------------------------+------+---------+---------+
       Grand Total:                    5238   0         5106   


GLOBAL DATA SYMBOLS: SORTED BY DATA PAGE

address     data page           name
--------    ----------------    ----
00000050       1 (00000040)     __stack

00000880      22 (00000880)     _DevEmuRegs

00000985      26 (00000980)     _SysPwrCtrlRegs

00000a80      2a (00000a80)     _FlashRegs

00000ae0      2b (00000ac0)     _CsmRegs

00000b00      2c (00000b00)     _AdcResult

00000c00      30 (00000c00)     _CpuTimer0Regs
00000c08      30 (00000c00)     _CpuTimer1Regs
00000c10      30 (00000c00)     _CpuTimer2Regs

00000ce0      33 (00000cc0)     _PieCtrlRegs

00000d00      34 (00000d00)     _EmuKey
00000d00      34 (00000d00)     _PieVectTable
00000d01      34 (00000d00)     _EmuBMode
00000d02      34 (00000d00)     _Flash_CallbackPtr
00000d04      34 (00000d00)     _Flash_CPUScaleFactor

00001000      40 (00001000)     _DmaRegs

00001400      50 (00001400)     _Cla1Regs

00004000     100 (00004000)     _Usb0Regs

00005000     140 (00005000)     _McbspaRegs

00006000     180 (00006000)     _ECanaRegs

00006040     181 (00006040)     _ECanaLAMRegs

00006080     182 (00006080)     _ECanaMOTSRegs

000060c0     183 (000060c0)     _ECanaMOTORegs

00006100     184 (00006100)     _ECanaMboxes

00006400     190 (00006400)     _Comp1Regs
00006420     190 (00006400)     _Comp2Regs

00006440     191 (00006440)     _Comp3Regs

00006800     1a0 (00006800)     _EPwm1Regs

00006840     1a1 (00006840)     _EPwm2Regs

00006880     1a2 (00006880)     _EPwm3Regs

000068c0     1a3 (000068c0)     _EPwm4Regs

00006900     1a4 (00006900)     _EPwm5Regs

00006940     1a5 (00006940)     _EPwm6Regs

00006980     1a6 (00006980)     _EPwm7Regs

000069c0     1a7 (000069c0)     _EPwm8Regs

00006a00     1a8 (00006a00)     _ECap1Regs
00006a20     1a8 (00006a00)     _ECap2Regs

00006a40     1a9 (00006a40)     _ECap3Regs

00006ac0     1ab (00006ac0)     _HRCap1Regs
00006ae0     1ab (00006ac0)     _HRCap2Regs

00006b00     1ac (00006b00)     _EQep1Regs

00006b40     1ad (00006b40)     _EQep2Regs

00006c80     1b2 (00006c80)     _HRCap3Regs
00006ca0     1b2 (00006c80)     _HRCap4Regs

00006f80     1be (00006f80)     _GpioCtrlRegs

00006fc0     1bf (00006fc0)     _GpioDataRegs
00006fe0     1bf (00006fc0)     _GpioIntRegs

00007010     1c0 (00007000)     _SysCtrlRegs

00007040     1c1 (00007040)     _SpiaRegs
00007050     1c1 (00007040)     _SciaRegs
00007060     1c1 (00007040)     _NmiIntruptRegs
00007070     1c1 (00007040)     _XIntruptRegs

00007100     1c4 (00007100)     _AdcRegs

00007740     1dd (00007740)     _SpibRegs
00007750     1dd (00007740)     _ScibRegs

00007900     1e4 (00007900)     _I2caRegs

0000a000     280 (0000a000)     _i
0000a001     280 (0000a000)     _GYRO_OFFSET_OK
0000a002     280 (0000a000)     _Temperature
0000a003     280 (0000a000)     _C_0
0000a004     280 (0000a000)     _ACC_OFFSET_OK
0000a006     280 (0000a000)     _Q_bias
0000a008     280 (0000a000)     _Angle_err
0000a00a     280 (0000a000)     _R_angle
0000a00c     280 (0000a000)     _Q_gyro
0000a00e     280 (0000a000)     _dt
0000a010     280 (0000a000)     _K_1
0000a012     280 (0000a000)     _K_0
0000a014     280 (0000a000)     _t_1
0000a016     280 (0000a000)     _PCt_1
0000a018     280 (0000a000)     _PCt_0
0000a01a     280 (0000a000)     _t_0
0000a01c     280 (0000a000)     _K1
0000a01e     280 (0000a000)     _Q_angle
0000a020     280 (0000a000)     _angle_dot
0000a022     280 (0000a000)     _angle
0000a024     280 (0000a000)     _E
0000a026     280 (0000a000)     _GYRO_OFFSET
0000a029     280 (0000a000)     _MPU6050_GYRO_LAST
0000a02c     280 (0000a000)     _MPU6050_ACC_LAST
0000a02f     280 (0000a000)     _ACC_OFFSET
0000a032     280 (0000a000)     _PP

0000a040     281 (0000a040)     _Pdot
0000a048     281 (0000a040)     _mpu6050_buffer
0000a056     281 (0000a040)     _CpuTimer1
0000a05e     281 (0000a040)     _CpuTimer2
0000a066     281 (0000a040)     _CpuTimer0
0000a06e     281 (0000a040)     _data_stop
0000a071     281 (0000a040)     _data_start
0000a074     281 (0000a040)     _data_mode
0000a07c     281 (0000a040)     __lock
0000a07e     281 (0000a040)     __unlock

0000a080     282 (0000a080)     _Flag_right
0000a081     282 (0000a080)     _Bi_zhang
0000a082     282 (0000a080)     _Flag_sudu
0000a083     282 (0000a080)     _turn_rate
0000a084     282 (0000a080)     _Encoder_Right
0000a085     282 (0000a080)     _Moto1
0000a086     282 (0000a080)     _Turn_Pwm
0000a087     282 (0000a080)     _Encoder_Left
0000a088     282 (0000a080)     _Moto2
0000a089     282 (0000a080)     _speed_table
0000a08a     282 (0000a080)     _dir
0000a08b     282 (0000a080)     _Velocity_Pwm
0000a08c     282 (0000a080)     _Flag_qian
0000a08d     282 (0000a080)     _Flag_hou
0000a08e     282 (0000a080)     _Balance_Pwm
0000a08f     282 (0000a080)     _Flag_Stop
0000a090     282 (0000a080)     _Flag_left
0000a0a6     282 (0000a080)     _Angle_Balance
0000a0ac     282 (0000a080)     _speed
0000a0ae     282 (0000a080)     _distan
0000a0b0     282 (0000a080)     _cap_val
0000a0b2     282 (0000a080)     _Gyro_Balance
0000a0b4     282 (0000a080)     _Gyro_Turn
0000a0b8     282 (0000a080)     ___TI_enable_exit_profile_output
0000a0ba     282 (0000a080)     ___TI_cleanup_ptr
0000a0bc     282 (0000a080)     ___TI_dtors_ptr

003d7e80    f5fa (003d7e80)     _PartIdRegs

003f5564    fd55 (003f5540)     _PieVectTableInit

003f7ff8    fdff (003f7fc0)     _CsmPwl


GLOBAL SYMBOLS: SORTED ALPHABETICALLY BY Name 

page  address   name                            
----  -------   ----                            
0     003f4000  .text                           
0     003f52f7  C$$EXIT                         
0     003f4f5b  FS$$DIV                         
1     0000a02f  _ACC_OFFSET                     
1     0000a004  _ACC_OFFSET_OK                  
0     003f40be  _ADCINT1_ISR                    
0     003f40c8  _ADCINT2_ISR                    
0     003f42dc  _ADCINT3_ISR                    
0     003f42e6  _ADCINT4_ISR                    
0     003f42f0  _ADCINT5_ISR                    
0     003f42fa  _ADCINT6_ISR                    
0     003f4304  _ADCINT7_ISR                    
0     003f430e  _ADCINT8_ISR                    
0     003f40f2  _ADCINT9_ISR                    
1     00007100  _AdcRegs                        
1     00000b00  _AdcResult                      
1     0000a0a6  _Angle_Balance                  
1     0000a008  _Angle_err                      
1     0000a08e  _Balance_Pwm                    
1     0000a081  _Bi_zhang                       
0     003f4318  _CLA1_INT1_ISR                  
0     003f4322  _CLA1_INT2_ISR                  
0     003f432c  _CLA1_INT3_ISR                  
0     003f4336  _CLA1_INT4_ISR                  
0     003f4340  _CLA1_INT5_ISR                  
0     003f434a  _CLA1_INT6_ISR                  
0     003f4354  _CLA1_INT7_ISR                  
0     003f435e  _CLA1_INT8_ISR                  
1     0000a003  _C_0                            
1     00001400  _Cla1Regs                       
1     00006400  _Comp1Regs                      
1     00006420  _Comp2Regs                      
1     00006440  _Comp3Regs                      
0     003f501e  _ConfigCpuTimer                 
1     0000a066  _CpuTimer0                      
1     00000c00  _CpuTimer0Regs                  
1     0000a056  _CpuTimer1                      
1     00000c08  _CpuTimer1Regs                  
1     0000a05e  _CpuTimer2                      
1     00000c10  _CpuTimer2Regs                  
1     003f7ff8  _CsmPwl                         
1     00000ae0  _CsmRegs                        
0     003f4a6c  _CsmUnlock                      
0     003f4014  _DATALOG_ISR                    
0     003f4250  _DINTCH1_ISR                    
0     003f425a  _DINTCH2_ISR                    
0     003f4264  _DINTCH3_ISR                    
0     003f426e  _DINTCH4_ISR                    
0     003f4278  _DINTCH5_ISR                    
0     003f4282  _DINTCH6_ISR                    
0     003f5429  _DSP28x_DisableInt              
0     003f542d  _DSP28x_RestoreInt              
0     0000801b  _DSP28x_usDelay                 
1     00000880  _DevEmuRegs                     
0     003f498b  _DisableDog                     
0     003f46d5  _Dly_us                         
1     00001000  _DmaRegs                        
1     0000a024  _E                              
0     003f42c8  _ECAN0INTA_ISR                  
0     003f42d2  _ECAN1INTA_ISR                  
0     003f41b0  _ECAP1_INT_ISR                  
0     003f41ba  _ECAP2_INT_ISR                  
0     003f41c4  _ECAP3_INT_ISR                  
1     00006040  _ECanaLAMRegs                   
1     000060c0  _ECanaMOTORegs                  
1     00006080  _ECanaMOTSRegs                  
1     00006100  _ECanaMboxes                    
1     00006000  _ECanaRegs                      
1     00006a00  _ECap1Regs                      
1     00006a20  _ECap2Regs                      
1     00006a40  _ECap3Regs                      
0     003f4386  _EMPTY_ISR                      
0     003f4028  _EMUINT_ISR                     
0     003f4160  _EPWM1_INT_ISR                  
0     003f4110  _EPWM1_TZINT_ISR                
0     003f416a  _EPWM2_INT_ISR                  
0     003f411a  _EPWM2_TZINT_ISR                
0     003f4174  _EPWM3_INT_ISR                  
0     003f4124  _EPWM3_TZINT_ISR                
0     003f417e  _EPWM4_INT_ISR                  
0     003f412e  _EPWM4_TZINT_ISR                
0     003f4188  _EPWM5_INT_ISR                  
0     003f4138  _EPWM5_TZINT_ISR                
0     003f4192  _EPWM6_INT_ISR                  
0     003f4142  _EPWM6_TZINT_ISR                
0     003f419c  _EPWM7_INT_ISR                  
0     003f414c  _EPWM7_TZINT_ISR                
0     003f41a6  _EPWM8_INT_ISR                  
0     003f4156  _EPWM8_TZINT_ISR                
1     00006800  _EPwm1Regs                      
1     00006840  _EPwm2Regs                      
1     00006880  _EPwm3Regs                      
1     000068c0  _EPwm4Regs                      
1     00006900  _EPwm5Regs                      
1     00006940  _EPwm6Regs                      
1     00006980  _EPwm7Regs                      
1     000069c0  _EPwm8Regs                      
0     003f41e2  _EQEP1_INT_ISR                  
0     003f41ec  _EQEP2_INT_ISR                  
1     00006b00  _EQep1Regs                      
1     00006b40  _EQep2Regs                      
0     003f53b4  _Ecap3_isr                      
1     00000d01  _EmuBMode                       
1     00000d00  _EmuKey                         
0     003f533f  _EnableInterrupts               
1     0000a087  _Encoder_Left                   
1     0000a084  _Encoder_Right                  
0     003f4add  _ExtOscSel                      
1     0000a08f  _Flag_Stop                      
1     0000a08d  _Flag_hou                       
1     0000a090  _Flag_left                      
1     0000a08c  _Flag_qian                      
1     0000a080  _Flag_right                     
1     0000a082  _Flag_sudu                      
1     00000a80  _FlashRegs                      
1     00000d04  _Flash_CPUScaleFactor           
1     00000d02  _Flash_CallbackPtr              
1     0000a026  _GYRO_OFFSET                    
1     0000a001  _GYRO_OFFSET_OK                 
0     003f48d2  _Get_Angle                      
1     00006f80  _GpioCtrlRegs                   
1     00006fc0  _GpioDataRegs                   
1     00006fe0  _GpioIntRegs                    
1     0000a0b2  _Gyro_Balance                   
1     0000a0b4  _Gyro_Turn                      
0     003f41ce  _HRCAP1_INT_ISR                 
0     003f41d8  _HRCAP2_INT_ISR                 
0     003f41f6  _HRCAP3_INT_ISR                 
0     003f4200  _HRCAP4_INT_ISR                 
1     00006ac0  _HRCap1Regs                     
1     00006ae0  _HRCap2Regs                     
1     00006c80  _HRCap3Regs                     
1     00006ca0  _HRCap4Regs                     
0     003f428c  _I2CINT1A_ISR                   
0     003f4296  _I2CINT2A_ISR                   
0     003f4b1f  _I2C_rrdy                       
0     003f4b16  _I2C_xrdy                       
1     00007900  _I2caRegs                       
0     003f4bbc  _IICwriteBit                    
0     003f4bed  _IICwriteBits                   
0     003f403c  _ILLEGAL_ISR                    
0     003f4000  _INT13_ISR                      
0     003f400a  _INT14_ISR                      
0     003f4fe3  _InitCpuTimers                  
0     003f52c9  _InitECap                       
0     003f52d1  _InitECap1Gpio                  
0     003f52dd  _InitECap2Gpio                  
0     003f52e9  _InitECap3Gpio                  
0     003f52ca  _InitECapGpio                   
0     003f4c32  _InitEPwm                       
0     003f4c44  _InitEPwm1Gpio                  
0     003f4c56  _InitEPwm2Gpio                  
0     003f4c68  _InitEPwm3Gpio                  
0     003f4c7c  _InitEPwm4Gpio                  
0     003f4c90  _InitEPwm5Gpio                  
0     003f4ca2  _InitEPwm6Gpio                  
0     003f4cb4  _InitEPwm7Gpio                  
0     003f4cc6  _InitEPwm8Gpio                  
0     003f4c33  _InitEPwmGpio                   
0     003f4cd8  _InitEPwmSyncGpio               
0     003f5266  _InitEQep                       
0     003f526c  _InitEQep1Gpio                  
0     003f5284  _InitEQep2Gpio                  
0     003f5267  _InitEQepGpio                   
0     00008000  _InitFlash                      
0     003f50cd  _InitPWM1                       
0     003f5101  _InitPWM2                       
0     003f4a16  _InitPeripheralClocks           
0     003f5320  _InitPieCtrl                    
0     003f5370  _InitPieVectTable               
0     003f4993  _InitPll                        
0     003f49e8  _InitPll2                       
0     003f529a  _InitSci                        
0     003f529b  _InitSciGpio                    
0     003f52a0  _InitSciaGpio                   
0     003f52b6  _InitScibGpio                   
0     003f4967  _InitSysCtrl                    
0     003f4ce9  _InitTzGpio                     
0     003f522d  _Init_ECap3                     
0     003f4af3  _Init_I2CA                      
0     003f46e0  _Init_Infrared_GPIO             
0     003f5348  _Init_KEY_GPIO                  
0     003f4a9d  _IntOsc1Sel                     
0     003f4aad  _IntOsc2Sel                     
1     0000a01c  _K1                             
1     0000a012  _K_0                            
1     0000a010  _K_1                            
0     003f4789  _Kalman_Filter                  
0     003f46a2  _Key                            
0     003f437c  _LUF_ISR                        
0     003f4372  _LVF_ISR                        
1     0000a02c  _MPU6050_ACC_LAST               
1     0000a029  _MPU6050_GYRO_LAST              
0     003f4750  _MPU6050_Init                   
0     003f46fe  _MPU6050_Read                   
0     003f4710  _MPU6050_setClockSource         
0     003f4731  _MPU6050_setDLPF                
0     003f4726  _MPU6050_setFullScaleAccelRange 
0     003f471b  _MPU6050_setFullScaleGyroRange  
0     003f4746  _MPU6050_setI2CBypassEnabled    
0     003f473c  _MPU6050_setI2CMasterModeEnabled
0     003f4706  _MPU6050_setSleepEnabled        
0     003f423c  _MRINTA_ISR                     
0     003f4246  _MXINTA_ISR                     
1     00005000  _McbspaRegs                     
1     0000a085  _Moto1                          
1     0000a088  _Moto2                          
0     003f4032  _NMI_ISR                        
1     00007060  _NmiIntruptRegs                 
1     0000a018  _PCt_0                          
1     0000a016  _PCt_1                          
0     003f4393  _PIE_RESERVED                   
0     003f5135  _POSSPEED_Init                  
1     0000a032  _PP                             
1     003d7e80  _PartIdRegs                     
1     0000a040  _Pdot                           
1     00000ce0  _PieCtrlRegs                    
1     00000d00  _PieVectTable                   
0     003f5564  _PieVectTableInit               
1     0000a01e  _Q_angle                        
1     0000a006  _Q_bias                         
1     0000a00c  _Q_gyro                         
0     003f401e  _RTOSINT_ISR                    
1     0000a00a  _R_angle                        
0     003e801f  _RamfuncsLoadEnd                
abs   0000001f  _RamfuncsLoadSize               
0     003e8000  _RamfuncsLoadStart              
0     00008000  _RamfuncsRunStart               
0     003f4b62  _ReadData                       
0     003f524b  _ReadDistance                   
0     003f5176  _Read_Encoder                   
0     003f42a0  _SCIRXINTA_ISR                  
0     003f42b4  _SCIRXINTB_ISR                  
0     003f42aa  _SCITXINTA_ISR                  
0     003f42be  _SCITXINTB_ISR                  
0     003f4214  _SPIRXINTA_ISR                  
0     003f4228  _SPIRXINTB_ISR                  
0     003f421e  _SPITXINTA_ISR                  
0     003f4232  _SPITXINTB_ISR                  
1     00007050  _SciaRegs                       
1     00007750  _ScibRegs                       
0     003f4981  _ServiceDog                     
0     003f5430  _SetDBGIER                      
0     003f4645  _Set_Pwm                        
1     00007040  _SpiaRegs                       
1     00007740  _SpibRegs                       
1     00007010  _SysCtrlRegs                    
1     00000985  _SysPwrCtrlRegs                 
0     003f505d  _TIMER0_ISR                     
0     003f40fc  _TINT0_ISR                      
1     0000a002  _Temperature                    
0     003f46b6  _Turn_Off                       
1     0000a086  _Turn_Pwm                       
0     003f420a  _USB0_INT_ISR                   
0     003f40a0  _USER10_ISR                     
0     003f40aa  _USER11_ISR                     
0     003f40b4  _USER12_ISR                     
0     003f4046  _USER1_ISR                      
0     003f4050  _USER2_ISR                      
0     003f405a  _USER3_ISR                      
0     003f4064  _USER4_ISR                      
0     003f406e  _USER5_ISR                      
0     003f4078  _USER6_ISR                      
0     003f4082  _USER7_ISR                      
0     003f408c  _USER8_ISR                      
0     003f4096  _USER9_ISR                      
1     00004000  _Usb0Regs                       
1     0000a08b  _Velocity_Pwm                   
0     003f4106  _WAKEINT_ISR                    
0     003f4b28  _WriteData                      
0     003f40d2  _XINT1_ISR                      
0     003f40e8  _XINT2_ISR                      
0     003f4368  _XINT3_ISR                      
1     00007070  _XIntruptRegs                   
0     003f467c  _Xianfu_Pwm                     
0     003f4ac1  _XtalOscSel                     
0     003f48a7  _Yijielvbo                      
1     00000350  __STACK_END                     
abs   00000300  __STACK_SIZE                    
1     0000a0ba  ___TI_cleanup_ptr               
1     0000a0bc  ___TI_dtors_ptr                 
1     0000a0b8  ___TI_enable_exit_profile_output
abs   ffffffff  ___TI_pprof_out_hndl            
abs   ffffffff  ___TI_prof_data_size            
abs   ffffffff  ___TI_prof_data_start           
abs   ffffffff  ___binit__                      
abs   ffffffff  ___c_args__                     
0     003f5436  ___cinit__                      
0     003f5436  ___etext__                      
abs   ffffffff  ___pinit__                      
0     003f4000  ___text__                       
0     003f53ea  __args_main                     
1     0000a07c  __lock                          
0     003f5420  __nop                           
0     003f541c  __register_lock                 
0     003f5418  __register_unlock               
1     00000050  __stack                         
0     003f5435  __system_post_cinit             
0     003f5433  __system_pre_init               
1     0000a07e  __unlock                        
0     003f52f7  _abort                          
1     0000a022  _angle                          
1     0000a020  _angle_dot                      
0     003f4dde  _atan                           
0     003f4d0a  _atan2                          
0     003f4d0a  _atan2f                         
0     003f4dde  _atanf                          
0     003f461a  _balance                        
0     003f5191  _c_int00                        
1     0000a0b0  _cap_val                        
0     003f4425  _check_infrared                 
0     003f5356  _click                          
0     003f51e7  _copy_in                        
1     0000a074  _data_mode                      
1     0000a071  _data_start                     
1     0000a06e  _data_stop                      
0     003f53d0  _ddcopy                         
1     0000a08a  _dir                            
1     0000a0ae  _distan                         
0     003f53d0  _dpcopy                         
1     0000a00e  _dt                             
0     003f52f9  _exit                           
1     0000a000  _i                              
0     003f43a7  _main                           
0     003f5396  _memcpy                         
1     0000a048  _mpu6050_buffer                 
0     003f4698  _myabs                          
0     003f53d0  _pdcopy                         
0     003f53d0  _ppcopy                         
0     003f439d  _rsvd_ISR                       
0     003f5403  _scia_init                      
0     003f4ea7  _scia_rx_isr                    
1     0000a0ac  _speed                          
1     0000a089  _speed_table                    
1     0000a01a  _t_0                            
1     0000a014  _t_1                            
0     003f451c  _turn                           
1     0000a083  _turn_rate                      
0     003f447c  _velocity                       
abs   ffffffff  binit                           
0     003f5436  cinit                           
0     003f7ff6  code_start                      
0     003f5436  etext                           
abs   ffffffff  pinit                           


GLOBAL SYMBOLS: SORTED BY Symbol Address 

page  address   name                            
----  -------   ----                            
0     00008000  _InitFlash                      
0     00008000  _RamfuncsRunStart               
0     0000801b  _DSP28x_usDelay                 
0     003e8000  _RamfuncsLoadStart              
0     003e801f  _RamfuncsLoadEnd                
0     003f4000  .text                           
0     003f4000  _INT13_ISR                      
0     003f4000  ___text__                       
0     003f400a  _INT14_ISR                      
0     003f4014  _DATALOG_ISR                    
0     003f401e  _RTOSINT_ISR                    
0     003f4028  _EMUINT_ISR                     
0     003f4032  _NMI_ISR                        
0     003f403c  _ILLEGAL_ISR                    
0     003f4046  _USER1_ISR                      
0     003f4050  _USER2_ISR                      
0     003f405a  _USER3_ISR                      
0     003f4064  _USER4_ISR                      
0     003f406e  _USER5_ISR                      
0     003f4078  _USER6_ISR                      
0     003f4082  _USER7_ISR                      
0     003f408c  _USER8_ISR                      
0     003f4096  _USER9_ISR                      
0     003f40a0  _USER10_ISR                     
0     003f40aa  _USER11_ISR                     
0     003f40b4  _USER12_ISR                     
0     003f40be  _ADCINT1_ISR                    
0     003f40c8  _ADCINT2_ISR                    
0     003f40d2  _XINT1_ISR                      
0     003f40e8  _XINT2_ISR                      
0     003f40f2  _ADCINT9_ISR                    
0     003f40fc  _TINT0_ISR                      
0     003f4106  _WAKEINT_ISR                    
0     003f4110  _EPWM1_TZINT_ISR                
0     003f411a  _EPWM2_TZINT_ISR                
0     003f4124  _EPWM3_TZINT_ISR                
0     003f412e  _EPWM4_TZINT_ISR                
0     003f4138  _EPWM5_TZINT_ISR                
0     003f4142  _EPWM6_TZINT_ISR                
0     003f414c  _EPWM7_TZINT_ISR                
0     003f4156  _EPWM8_TZINT_ISR                
0     003f4160  _EPWM1_INT_ISR                  
0     003f416a  _EPWM2_INT_ISR                  
0     003f4174  _EPWM3_INT_ISR                  
0     003f417e  _EPWM4_INT_ISR                  
0     003f4188  _EPWM5_INT_ISR                  
0     003f4192  _EPWM6_INT_ISR                  
0     003f419c  _EPWM7_INT_ISR                  
0     003f41a6  _EPWM8_INT_ISR                  
0     003f41b0  _ECAP1_INT_ISR                  
0     003f41ba  _ECAP2_INT_ISR                  
0     003f41c4  _ECAP3_INT_ISR                  
0     003f41ce  _HRCAP1_INT_ISR                 
0     003f41d8  _HRCAP2_INT_ISR                 
0     003f41e2  _EQEP1_INT_ISR                  
0     003f41ec  _EQEP2_INT_ISR                  
0     003f41f6  _HRCAP3_INT_ISR                 
0     003f4200  _HRCAP4_INT_ISR                 
0     003f420a  _USB0_INT_ISR                   
0     003f4214  _SPIRXINTA_ISR                  
0     003f421e  _SPITXINTA_ISR                  
0     003f4228  _SPIRXINTB_ISR                  
0     003f4232  _SPITXINTB_ISR                  
0     003f423c  _MRINTA_ISR                     
0     003f4246  _MXINTA_ISR                     
0     003f4250  _DINTCH1_ISR                    
0     003f425a  _DINTCH2_ISR                    
0     003f4264  _DINTCH3_ISR                    
0     003f426e  _DINTCH4_ISR                    
0     003f4278  _DINTCH5_ISR                    
0     003f4282  _DINTCH6_ISR                    
0     003f428c  _I2CINT1A_ISR                   
0     003f4296  _I2CINT2A_ISR                   
0     003f42a0  _SCIRXINTA_ISR                  
0     003f42aa  _SCITXINTA_ISR                  
0     003f42b4  _SCIRXINTB_ISR                  
0     003f42be  _SCITXINTB_ISR                  
0     003f42c8  _ECAN0INTA_ISR                  
0     003f42d2  _ECAN1INTA_ISR                  
0     003f42dc  _ADCINT3_ISR                    
0     003f42e6  _ADCINT4_ISR                    
0     003f42f0  _ADCINT5_ISR                    
0     003f42fa  _ADCINT6_ISR                    
0     003f4304  _ADCINT7_ISR                    
0     003f430e  _ADCINT8_ISR                    
0     003f4318  _CLA1_INT1_ISR                  
0     003f4322  _CLA1_INT2_ISR                  
0     003f432c  _CLA1_INT3_ISR                  
0     003f4336  _CLA1_INT4_ISR                  
0     003f4340  _CLA1_INT5_ISR                  
0     003f434a  _CLA1_INT6_ISR                  
0     003f4354  _CLA1_INT7_ISR                  
0     003f435e  _CLA1_INT8_ISR                  
0     003f4368  _XINT3_ISR                      
0     003f4372  _LVF_ISR                        
0     003f437c  _LUF_ISR                        
0     003f4386  _EMPTY_ISR                      
0     003f4393  _PIE_RESERVED                   
0     003f439d  _rsvd_ISR                       
0     003f43a7  _main                           
0     003f4425  _check_infrared                 
0     003f447c  _velocity                       
0     003f451c  _turn                           
0     003f461a  _balance                        
0     003f4645  _Set_Pwm                        
0     003f467c  _Xianfu_Pwm                     
0     003f4698  _myabs                          
0     003f46a2  _Key                            
0     003f46b6  _Turn_Off                       
0     003f46d5  _Dly_us                         
0     003f46e0  _Init_Infrared_GPIO             
0     003f46fe  _MPU6050_Read                   
0     003f4706  _MPU6050_setSleepEnabled        
0     003f4710  _MPU6050_setClockSource         
0     003f471b  _MPU6050_setFullScaleGyroRange  
0     003f4726  _MPU6050_setFullScaleAccelRange 
0     003f4731  _MPU6050_setDLPF                
0     003f473c  _MPU6050_setI2CMasterModeEnabled
0     003f4746  _MPU6050_setI2CBypassEnabled    
0     003f4750  _MPU6050_Init                   
0     003f4789  _Kalman_Filter                  
0     003f48a7  _Yijielvbo                      
0     003f48d2  _Get_Angle                      
0     003f4967  _InitSysCtrl                    
0     003f4981  _ServiceDog                     
0     003f498b  _DisableDog                     
0     003f4993  _InitPll                        
0     003f49e8  _InitPll2                       
0     003f4a16  _InitPeripheralClocks           
0     003f4a6c  _CsmUnlock                      
0     003f4a9d  _IntOsc1Sel                     
0     003f4aad  _IntOsc2Sel                     
0     003f4ac1  _XtalOscSel                     
0     003f4add  _ExtOscSel                      
0     003f4af3  _Init_I2CA                      
0     003f4b16  _I2C_xrdy                       
0     003f4b1f  _I2C_rrdy                       
0     003f4b28  _WriteData                      
0     003f4b62  _ReadData                       
0     003f4bbc  _IICwriteBit                    
0     003f4bed  _IICwriteBits                   
0     003f4c32  _InitEPwm                       
0     003f4c33  _InitEPwmGpio                   
0     003f4c44  _InitEPwm1Gpio                  
0     003f4c56  _InitEPwm2Gpio                  
0     003f4c68  _InitEPwm3Gpio                  
0     003f4c7c  _InitEPwm4Gpio                  
0     003f4c90  _InitEPwm5Gpio                  
0     003f4ca2  _InitEPwm6Gpio                  
0     003f4cb4  _InitEPwm7Gpio                  
0     003f4cc6  _InitEPwm8Gpio                  
0     003f4cd8  _InitEPwmSyncGpio               
0     003f4ce9  _InitTzGpio                     
0     003f4d0a  _atan2                          
0     003f4d0a  _atan2f                         
0     003f4dde  _atan                           
0     003f4dde  _atanf                          
0     003f4ea7  _scia_rx_isr                    
0     003f4f5b  FS$$DIV                         
0     003f4fe3  _InitCpuTimers                  
0     003f501e  _ConfigCpuTimer                 
0     003f505d  _TIMER0_ISR                     
0     003f50cd  _InitPWM1                       
0     003f5101  _InitPWM2                       
0     003f5135  _POSSPEED_Init                  
0     003f5176  _Read_Encoder                   
0     003f5191  _c_int00                        
0     003f51e7  _copy_in                        
0     003f522d  _Init_ECap3                     
0     003f524b  _ReadDistance                   
0     003f5266  _InitEQep                       
0     003f5267  _InitEQepGpio                   
0     003f526c  _InitEQep1Gpio                  
0     003f5284  _InitEQep2Gpio                  
0     003f529a  _InitSci                        
0     003f529b  _InitSciGpio                    
0     003f52a0  _InitSciaGpio                   
0     003f52b6  _InitScibGpio                   
0     003f52c9  _InitECap                       
0     003f52ca  _InitECapGpio                   
0     003f52d1  _InitECap1Gpio                  
0     003f52dd  _InitECap2Gpio                  
0     003f52e9  _InitECap3Gpio                  
0     003f52f7  C$$EXIT                         
0     003f52f7  _abort                          
0     003f52f9  _exit                           
0     003f5320  _InitPieCtrl                    
0     003f533f  _EnableInterrupts               
0     003f5348  _Init_KEY_GPIO                  
0     003f5356  _click                          
0     003f5370  _InitPieVectTable               
0     003f5396  _memcpy                         
0     003f53b4  _Ecap3_isr                      
0     003f53d0  _ddcopy                         
0     003f53d0  _dpcopy                         
0     003f53d0  _pdcopy                         
0     003f53d0  _ppcopy                         
0     003f53ea  __args_main                     
0     003f5403  _scia_init                      
0     003f5418  __register_unlock               
0     003f541c  __register_lock                 
0     003f5420  __nop                           
0     003f5429  _DSP28x_DisableInt              
0     003f542d  _DSP28x_RestoreInt              
0     003f5430  _SetDBGIER                      
0     003f5433  __system_pre_init               
0     003f5435  __system_post_cinit             
0     003f5436  ___cinit__                      
0     003f5436  ___etext__                      
0     003f5436  cinit                           
0     003f5436  etext                           
0     003f5564  _PieVectTableInit               
0     003f7ff6  code_start                      
1     00000050  __stack                         
1     00000350  __STACK_END                     
1     00000880  _DevEmuRegs                     
1     00000985  _SysPwrCtrlRegs                 
1     00000a80  _FlashRegs                      
1     00000ae0  _CsmRegs                        
1     00000b00  _AdcResult                      
1     00000c00  _CpuTimer0Regs                  
1     00000c08  _CpuTimer1Regs                  
1     00000c10  _CpuTimer2Regs                  
1     00000ce0  _PieCtrlRegs                    
1     00000d00  _EmuKey                         
1     00000d00  _PieVectTable                   
1     00000d01  _EmuBMode                       
1     00000d02  _Flash_CallbackPtr              
1     00000d04  _Flash_CPUScaleFactor           
1     00001000  _DmaRegs                        
1     00001400  _Cla1Regs                       
1     00004000  _Usb0Regs                       
1     00005000  _McbspaRegs                     
1     00006000  _ECanaRegs                      
1     00006040  _ECanaLAMRegs                   
1     00006080  _ECanaMOTSRegs                  
1     000060c0  _ECanaMOTORegs                  
1     00006100  _ECanaMboxes                    
1     00006400  _Comp1Regs                      
1     00006420  _Comp2Regs                      
1     00006440  _Comp3Regs                      
1     00006800  _EPwm1Regs                      
1     00006840  _EPwm2Regs                      
1     00006880  _EPwm3Regs                      
1     000068c0  _EPwm4Regs                      
1     00006900  _EPwm5Regs                      
1     00006940  _EPwm6Regs                      
1     00006980  _EPwm7Regs                      
1     000069c0  _EPwm8Regs                      
1     00006a00  _ECap1Regs                      
1     00006a20  _ECap2Regs                      
1     00006a40  _ECap3Regs                      
1     00006ac0  _HRCap1Regs                     
1     00006ae0  _HRCap2Regs                     
1     00006b00  _EQep1Regs                      
1     00006b40  _EQep2Regs                      
1     00006c80  _HRCap3Regs                     
1     00006ca0  _HRCap4Regs                     
1     00006f80  _GpioCtrlRegs                   
1     00006fc0  _GpioDataRegs                   
1     00006fe0  _GpioIntRegs                    
1     00007010  _SysCtrlRegs                    
1     00007040  _SpiaRegs                       
1     00007050  _SciaRegs                       
1     00007060  _NmiIntruptRegs                 
1     00007070  _XIntruptRegs                   
1     00007100  _AdcRegs                        
1     00007740  _SpibRegs                       
1     00007750  _ScibRegs                       
1     00007900  _I2caRegs                       
1     0000a000  _i                              
1     0000a001  _GYRO_OFFSET_OK                 
1     0000a002  _Temperature                    
1     0000a003  _C_0                            
1     0000a004  _ACC_OFFSET_OK                  
1     0000a006  _Q_bias                         
1     0000a008  _Angle_err                      
1     0000a00a  _R_angle                        
1     0000a00c  _Q_gyro                         
1     0000a00e  _dt                             
1     0000a010  _K_1                            
1     0000a012  _K_0                            
1     0000a014  _t_1                            
1     0000a016  _PCt_1                          
1     0000a018  _PCt_0                          
1     0000a01a  _t_0                            
1     0000a01c  _K1                             
1     0000a01e  _Q_angle                        
1     0000a020  _angle_dot                      
1     0000a022  _angle                          
1     0000a024  _E                              
1     0000a026  _GYRO_OFFSET                    
1     0000a029  _MPU6050_GYRO_LAST              
1     0000a02c  _MPU6050_ACC_LAST               
1     0000a02f  _ACC_OFFSET                     
1     0000a032  _PP                             
1     0000a040  _Pdot                           
1     0000a048  _mpu6050_buffer                 
1     0000a056  _CpuTimer1                      
1     0000a05e  _CpuTimer2                      
1     0000a066  _CpuTimer0                      
1     0000a06e  _data_stop                      
1     0000a071  _data_start                     
1     0000a074  _data_mode                      
1     0000a07c  __lock                          
1     0000a07e  __unlock                        
1     0000a080  _Flag_right                     
1     0000a081  _Bi_zhang                       
1     0000a082  _Flag_sudu                      
1     0000a083  _turn_rate                      
1     0000a084  _Encoder_Right                  
1     0000a085  _Moto1                          
1     0000a086  _Turn_Pwm                       
1     0000a087  _Encoder_Left                   
1     0000a088  _Moto2                          
1     0000a089  _speed_table                    
1     0000a08a  _dir                            
1     0000a08b  _Velocity_Pwm                   
1     0000a08c  _Flag_qian                      
1     0000a08d  _Flag_hou                       
1     0000a08e  _Balance_Pwm                    
1     0000a08f  _Flag_Stop                      
1     0000a090  _Flag_left                      
1     0000a0a6  _Angle_Balance                  
1     0000a0ac  _speed                          
1     0000a0ae  _distan                         
1     0000a0b0  _cap_val                        
1     0000a0b2  _Gyro_Balance                   
1     0000a0b4  _Gyro_Turn                      
1     0000a0b8  ___TI_enable_exit_profile_output
1     0000a0ba  ___TI_cleanup_ptr               
1     0000a0bc  ___TI_dtors_ptr                 
1     003d7e80  _PartIdRegs                     
1     003f7ff8  _CsmPwl                         
abs   0000001f  _RamfuncsLoadSize               
abs   00000300  __STACK_SIZE                    
abs   ffffffff  ___TI_pprof_out_hndl            
abs   ffffffff  ___TI_prof_data_size            
abs   ffffffff  ___TI_prof_data_start           
abs   ffffffff  ___binit__                      
abs   ffffffff  ___c_args__                     
abs   ffffffff  ___pinit__                      
abs   ffffffff  binit                           
abs   ffffffff  pinit                           

[344 symbols]
