******************************************************************************
             TMS320C2000 Linker PC v15.12.3                    
******************************************************************************
>> Linked Mon May 06 16:57:28 2019

OUTPUT FILE NAME:   <3.6 F28069CCD_Tracking.out>
ENTRY POINT SYMBOL: "_c_int00"  address: 003f5311


MEMORY CONFIGURATION

         name            origin    length      used     unused   attr    fill
----------------------  --------  ---------  --------  --------  ----  --------
PAGE 0:
  RAML0                 00008000   00000800  0000001f  000007e1  RWIX
  RAML1                 00008800   00000400  00000000  00000400  RWIX
  OTP                   003d7800   00000400  00000000  00000400  RWIX
  FLASHH                003d8000   00004000  00000000  00004000  RWIX
  FLASHG                003dc000   00004000  00000000  00004000  RWIX
  FLASHF                003e0000   00004000  00000000  00004000  RWIX
  FLASHE                003e4000   00004000  00000000  00004000  RWIX
  FLASHD                003e8000   00004000  0000001f  00003fe1  RWIX
  FLASHC                003ec000   00004000  00000000  00004000  RWIX
  FLASHA                003f4000   00003f80  00001712  0000286e  RWIX
  CSM_RSVD              003f7f80   00000076  00000000  00000076  RWIX
  BEGIN                 003f7ff6   00000002  00000002  00000000  RWIX
  CSM_PWL_P0            003f7ff8   00000008  00000000  00000008  RWIX
  FPUTABLES             003fd860   000006a0  00000000  000006a0  RWIX
  IQTABLES              003fdf00   00000b50  00000000  00000b50  RWIX
  IQTABLES2             003fea50   0000008c  00000000  0000008c  RWIX
  IQTABLES3             003feadc   000000aa  00000000  000000aa  RWIX
  ROM                   003ff3b0   00000c10  00000000  00000c10  RWIX
  RESET                 003fffc0   00000002  00000000  00000002  RWIX
  VECTORS               003fffc2   0000003e  00000000  0000003e  RWIX

PAGE 1:
  BOOT_RSVD             00000000   00000050  00000000  00000050  RWIX
  RAMM0                 00000050   000003b0  00000300  000000b0  RWIX
  RAMM1                 00000400   00000400  00000000  00000400  RWIX
  DEV_EMU               00000880   00000105  00000004  00000101  RWIX
  SYS_PWR_CTL           00000985   00000003  00000003  00000000  RWIX
  FLASH_REGS            00000a80   00000060  00000008  00000058  RWIX
  CSM                   00000ae0   00000020  00000010  00000010  RWIX
  ADC_RESULT            00000b00   00000020  00000010  00000010  RWIX
  CPU_TIMER0            00000c00   00000008  00000008  00000000  RWIX
  CPU_TIMER1            00000c08   00000008  00000008  00000000  RWIX
  CPU_TIMER2            00000c10   00000008  00000008  00000000  RWIX
  PIE_CTRL              00000ce0   00000020  0000001a  00000006  RWIX
  PIE_VECT              00000d00   00000100  00000100  00000000  RWIX
  DMA                   00001000   00000200  000000e0  00000120  RWIX
  CLA1                  00001400   00000080  00000040  00000040  RWIX
  USB0                  00004000   00001000  00000454  00000bac  RWIX
  McBSPA                00005000   00000040  00000024  0000001c  RWIX
  ECANA                 00006000   00000040  00000034  0000000c  RWIX
  ECANA_LAM             00006040   00000040  00000040  00000000  RWIX
  ECANA_MOTS            00006080   00000040  00000040  00000000  RWIX
  ECANA_MOTO            000060c0   00000040  00000040  00000000  RWIX
  ECANA_MBOX            00006100   00000100  00000100  00000000  RWIX
  COMP1                 00006400   00000020  00000014  0000000c  RWIX
  COMP2                 00006420   00000020  00000014  0000000c  RWIX
  COMP3                 00006440   00000020  00000014  0000000c  RWIX
  EPWM1                 00006800   00000040  00000040  00000000  RWIX
  EPWM2                 00006840   00000040  00000040  00000000  RWIX
  EPWM3                 00006880   00000040  00000040  00000000  RWIX
  EPWM4                 000068c0   00000040  00000040  00000000  RWIX
  EPWM5                 00006900   00000040  00000040  00000000  RWIX
  EPWM6                 00006940   00000040  00000040  00000000  RWIX
  EPWM7                 00006980   00000040  00000040  00000000  RWIX
  EPWM8                 000069c0   00000040  00000040  00000000  RWIX
  ECAP1                 00006a00   00000020  00000020  00000000  RWIX
  ECAP2                 00006a20   00000020  00000020  00000000  RWIX
  ECAP3                 00006a40   00000020  00000020  00000000  RWIX
  HRCAP1                00006ac0   00000020  00000020  00000000  RWIX
  HRCAP2                00006ae0   00000020  00000020  00000000  RWIX
  EQEP1                 00006b00   00000040  00000022  0000001e  RWIX
  EQEP2                 00006b40   00000040  00000022  0000001e  RWIX
  HRCAP3                00006c80   00000020  00000020  00000000  RWIX
  HRCAP4                00006ca0   00000020  00000020  00000000  RWIX
  GPIOCTRL              00006f80   00000040  00000040  00000000  RWIX
  GPIODAT               00006fc0   00000020  00000020  00000000  RWIX
  GPIOINT               00006fe0   00000020  00000020  00000000  RWIX
  SYSTEM                00007010   00000030  00000030  00000000  RWIX
  SPIA                  00007040   00000010  00000010  00000000  RWIX
  SCIA                  00007050   00000010  00000010  00000000  RWIX
  NMIINTRUPT            00007060   00000010  00000010  00000000  RWIX
  XINTRUPT              00007070   00000010  00000010  00000000  RWIX
  ADC                   00007100   00000080  00000050  00000030  RWIX
  SPIB                  00007740   00000010  00000010  00000000  RWIX
  SCIB                  00007750   00000010  00000010  00000000  RWIX
  I2CA                  00007900   00000040  00000022  0000001e  RWIX
  RAML2                 00008c00   00000400  00000000  00000400  RWIX
  RAML3                 00009000   00001000  00000000  00001000  RWIX
  RAML4                 0000a000   00002000  0000013f  00001ec1  RWIX
  RAML5                 0000c000   00002000  00000000  00002000  RWIX
  RAML6                 0000e000   00002000  00000000  00002000  RWIX
  RAML7                 00010000   00002000  00000000  00002000  RWIX
  RAML8                 00012000   00002000  00000000  00002000  RWIX
  USB_RAM               00040000   00000800  00000000  00000800  RWIX
  PARTID                003d7e80   00000001  00000001  00000000  RWIX
  FLASHB                003f0000   00004000  00000000  00004000  RWIX
  CSM_PWL               003f7ff8   00000008  00000008  00000000  RWIX


SECTION ALLOCATION MAP

 output                                  attributes/
section   page    origin      length       input sections
--------  ----  ----------  ----------   ----------------
ramfuncs   0    003e8000    0000001f     RUN ADDR = 00008000
                  003e8000    0000001b     F2806x_SysCtrl.obj (ramfuncs)
                  003e801b    00000004     F2806x_usDelay.obj (ramfuncs)

.text      0    003f4000    000014ef     
                  003f4000    000003a7     F2806x_DefaultIsr.obj (.text:retain)
                  003f43a7    00000265     MPU6050.obj (.text)
                  003f460c    0000023a     F2806x_Adc.obj (.text)
                  003f4846    000001e7     main.obj (.text)
                  003f4a2d    0000018c     F2806x_SysCtrl.obj (.text)
                  003f4bb9    00000158     Adc.obj (.text)
                  003f4d11    0000013f     IIC.obj (.text)
                  003f4e50    000000d8     F2806x_EPwm.obj (.text)
                  003f4f28    000000d4     rts2800_fpu32.lib : e_atan2f.obj (.text)
                  003f4ffc    000000c9                       : s_atanf.obj (.text)
                  003f50c5    00000088                       : fs_div.obj (.text)
                  003f514d    00000086     main.obj (.text:retain)
                  003f51d3    0000007a     F2806x_CpuTimers.obj (.text)
                  003f524d    00000068     EPwm.obj (.text)
                  003f52b5    0000005c     QEP.obj (.text)
                  003f5311    00000056     rts2800_fpu32.lib : boot.obj (.text)
                  003f5367    00000046                       : cpy_tbl.obj (.text)
                  003f53ad    00000034     F2806x_EQep.obj (.text)
                  003f53e1    00000029     rts2800_fpu32.lib : exit.obj (.text)
                  003f540a    00000028     F2806x_PieCtrl.obj (.text)
                  003f5432    00000028     Key.obj (.text)
                  003f545a    00000026     F2806x_PieVect.obj (.text)
                  003f5480    0000001e     rts2800_fpu32.lib : memcpy.obj (.text)
                  003f549e    0000001a                       : cpy_utils.obj (.text)
                  003f54b8    00000019                       : args_main.obj (.text)
                  003f54d1    00000009                       : _lock.obj (.text)
                  003f54da    00000008     F2806x_CodeStartBranch.obj (.text)
                  003f54e2    00000007     F2806x_DisInt.obj (.text)
                  003f54e9    00000003     F2806x_DBGIER.obj (.text)
                  003f54ec    00000002     rts2800_fpu32.lib : pre_init.obj (.text)
                  003f54ee    00000001                       : startup.obj (.text)

.econst    0    003f54f0    0000012a     
                  003f54f0    00000100     F2806x_PieVect.obj (.econst:_PieVectTableInit)
                  003f55f0    0000000c     rts2800_fpu32.lib : e_atan2f.obj (.econst)
                  003f55fc    0000000a                       : s_atanf.obj (.econst:_aT)
                  003f5606    00000008                       : s_atanf.obj (.econst:_atanhi)
                  003f560e    00000008                       : s_atanf.obj (.econst:_atanlo)
                  003f5616    00000004                       : s_atanf.obj (.econst)

.cinit     0    003f561a    000000f9     
                  003f561a    00000072     MPU6050.obj (.cinit)
                  003f568c    00000069     main.obj (.cinit)
                  003f56f5    0000000e     rts2800_fpu32.lib : exit.obj (.cinit)
                  003f5703    00000005                       : _lock.obj (.cinit:__lock)
                  003f5708    00000005                       : _lock.obj (.cinit:__unlock)
                  003f570d    00000004     Key.obj (.cinit)
                  003f5711    00000002     --HOLE-- [fill = 0]

.pinit     0    003f4000    00000000     UNINITIALIZED

codestart 
*          0    003f7ff6    00000002     
                  003f7ff6    00000002     F2806x_CodeStartBranch.obj (codestart)

.stack     1    00000050    00000300     UNINITIALIZED
                  00000050    00000300     --HOLE--

DevEmuRegsFile 
*          1    00000880    00000004     UNINITIALIZED
                  00000880    00000004     F2806x_GlobalVariableDefs.obj (DevEmuRegsFile)

SysPwrCtrlRegsFile 
*          1    00000985    00000003     UNINITIALIZED
                  00000985    00000003     F2806x_GlobalVariableDefs.obj (SysPwrCtrlRegsFile)

FlashRegsFile 
*          1    00000a80    00000008     UNINITIALIZED
                  00000a80    00000008     F2806x_GlobalVariableDefs.obj (FlashRegsFile)

CsmRegsFile 
*          1    00000ae0    00000010     UNINITIALIZED
                  00000ae0    00000010     F2806x_GlobalVariableDefs.obj (CsmRegsFile)

AdcResultFile 
*          1    00000b00    00000010     UNINITIALIZED
                  00000b00    00000010     F2806x_GlobalVariableDefs.obj (AdcResultFile)

CpuTimer0RegsFile 
*          1    00000c00    00000008     UNINITIALIZED
                  00000c00    00000008     F2806x_GlobalVariableDefs.obj (CpuTimer0RegsFile)

CpuTimer1RegsFile 
*          1    00000c08    00000008     UNINITIALIZED
                  00000c08    00000008     F2806x_GlobalVariableDefs.obj (CpuTimer1RegsFile)

CpuTimer2RegsFile 
*          1    00000c10    00000008     UNINITIALIZED
                  00000c10    00000008     F2806x_GlobalVariableDefs.obj (CpuTimer2RegsFile)

PieCtrlRegsFile 
*          1    00000ce0    0000001a     UNINITIALIZED
                  00000ce0    0000001a     F2806x_GlobalVariableDefs.obj (PieCtrlRegsFile)

PieVectTableFile 
*          1    00000d00    00000100     UNINITIALIZED
                  00000d00    00000100     F2806x_GlobalVariableDefs.obj (PieVectTableFile)

EmuKeyVar 
*          1    00000d00    00000001     UNINITIALIZED
                  00000d00    00000001     F2806x_GlobalVariableDefs.obj (EmuKeyVar)

EmuBModeVar 
*          1    00000d01    00000001     UNINITIALIZED
                  00000d01    00000001     F2806x_GlobalVariableDefs.obj (EmuBModeVar)

FlashCallbackVar 
*          1    00000d02    00000002     UNINITIALIZED
                  00000d02    00000002     F2806x_GlobalVariableDefs.obj (FlashCallbackVar)

FlashScalingVar 
*          1    00000d04    00000002     UNINITIALIZED
                  00000d04    00000002     F2806x_GlobalVariableDefs.obj (FlashScalingVar)

DmaRegsFile 
*          1    00001000    000000e0     UNINITIALIZED
                  00001000    000000e0     F2806x_GlobalVariableDefs.obj (DmaRegsFile)

Cla1RegsFile 
*          1    00001400    00000040     UNINITIALIZED
                  00001400    00000040     F2806x_GlobalVariableDefs.obj (Cla1RegsFile)

Usb0RegsFile 
*          1    00004000    00000454     UNINITIALIZED
                  00004000    00000454     F2806x_GlobalVariableDefs.obj (Usb0RegsFile)

McbspaRegsFile 
*          1    00005000    00000024     UNINITIALIZED
                  00005000    00000024     F2806x_GlobalVariableDefs.obj (McbspaRegsFile)

ECanaRegsFile 
*          1    00006000    00000034     UNINITIALIZED
                  00006000    00000034     F2806x_GlobalVariableDefs.obj (ECanaRegsFile)

ECanaLAMRegsFile 
*          1    00006040    00000040     UNINITIALIZED
                  00006040    00000040     F2806x_GlobalVariableDefs.obj (ECanaLAMRegsFile)

ECanaMOTSRegsFile 
*          1    00006080    00000040     UNINITIALIZED
                  00006080    00000040     F2806x_GlobalVariableDefs.obj (ECanaMOTSRegsFile)

ECanaMOTORegsFile 
*          1    000060c0    00000040     UNINITIALIZED
                  000060c0    00000040     F2806x_GlobalVariableDefs.obj (ECanaMOTORegsFile)

ECanaMboxesFile 
*          1    00006100    00000100     UNINITIALIZED
                  00006100    00000100     F2806x_GlobalVariableDefs.obj (ECanaMboxesFile)

Comp1RegsFile 
*          1    00006400    00000014     UNINITIALIZED
                  00006400    00000014     F2806x_GlobalVariableDefs.obj (Comp1RegsFile)

Comp2RegsFile 
*          1    00006420    00000014     UNINITIALIZED
                  00006420    00000014     F2806x_GlobalVariableDefs.obj (Comp2RegsFile)

Comp3RegsFile 
*          1    00006440    00000014     UNINITIALIZED
                  00006440    00000014     F2806x_GlobalVariableDefs.obj (Comp3RegsFile)

EPwm1RegsFile 
*          1    00006800    00000040     UNINITIALIZED
                  00006800    00000040     F2806x_GlobalVariableDefs.obj (EPwm1RegsFile)

EPwm2RegsFile 
*          1    00006840    00000040     UNINITIALIZED
                  00006840    00000040     F2806x_GlobalVariableDefs.obj (EPwm2RegsFile)

EPwm3RegsFile 
*          1    00006880    00000040     UNINITIALIZED
                  00006880    00000040     F2806x_GlobalVariableDefs.obj (EPwm3RegsFile)

EPwm4RegsFile 
*          1    000068c0    00000040     UNINITIALIZED
                  000068c0    00000040     F2806x_GlobalVariableDefs.obj (EPwm4RegsFile)

EPwm5RegsFile 
*          1    00006900    00000040     UNINITIALIZED
                  00006900    00000040     F2806x_GlobalVariableDefs.obj (EPwm5RegsFile)

EPwm6RegsFile 
*          1    00006940    00000040     UNINITIALIZED
                  00006940    00000040     F2806x_GlobalVariableDefs.obj (EPwm6RegsFile)

EPwm7RegsFile 
*          1    00006980    00000040     UNINITIALIZED
                  00006980    00000040     F2806x_GlobalVariableDefs.obj (EPwm7RegsFile)

EPwm8RegsFile 
*          1    000069c0    00000040     UNINITIALIZED
                  000069c0    00000040     F2806x_GlobalVariableDefs.obj (EPwm8RegsFile)

ECap1RegsFile 
*          1    00006a00    00000020     UNINITIALIZED
                  00006a00    00000020     F2806x_GlobalVariableDefs.obj (ECap1RegsFile)

ECap2RegsFile 
*          1    00006a20    00000020     UNINITIALIZED
                  00006a20    00000020     F2806x_GlobalVariableDefs.obj (ECap2RegsFile)

ECap3RegsFile 
*          1    00006a40    00000020     UNINITIALIZED
                  00006a40    00000020     F2806x_GlobalVariableDefs.obj (ECap3RegsFile)

HRCap1RegsFile 
*          1    00006ac0    00000020     UNINITIALIZED
                  00006ac0    00000020     F2806x_GlobalVariableDefs.obj (HRCap1RegsFile)

HRCap2RegsFile 
*          1    00006ae0    00000020     UNINITIALIZED
                  00006ae0    00000020     F2806x_GlobalVariableDefs.obj (HRCap2RegsFile)

EQep1RegsFile 
*          1    00006b00    00000022     UNINITIALIZED
                  00006b00    00000022     F2806x_GlobalVariableDefs.obj (EQep1RegsFile)

EQep2RegsFile 
*          1    00006b40    00000022     UNINITIALIZED
                  00006b40    00000022     F2806x_GlobalVariableDefs.obj (EQep2RegsFile)

HRCap3RegsFile 
*          1    00006c80    00000020     UNINITIALIZED
                  00006c80    00000020     F2806x_GlobalVariableDefs.obj (HRCap3RegsFile)

HRCap4RegsFile 
*          1    00006ca0    00000020     UNINITIALIZED
                  00006ca0    00000020     F2806x_GlobalVariableDefs.obj (HRCap4RegsFile)

GpioCtrlRegsFile 
*          1    00006f80    00000040     UNINITIALIZED
                  00006f80    00000040     F2806x_GlobalVariableDefs.obj (GpioCtrlRegsFile)

GpioDataRegsFile 
*          1    00006fc0    00000020     UNINITIALIZED
                  00006fc0    00000020     F2806x_GlobalVariableDefs.obj (GpioDataRegsFile)

GpioIntRegsFile 
*          1    00006fe0    00000020     UNINITIALIZED
                  00006fe0    00000020     F2806x_GlobalVariableDefs.obj (GpioIntRegsFile)

SysCtrlRegsFile 
*          1    00007010    00000030     UNINITIALIZED
                  00007010    00000030     F2806x_GlobalVariableDefs.obj (SysCtrlRegsFile)

SpiaRegsFile 
*          1    00007040    00000010     UNINITIALIZED
                  00007040    00000010     F2806x_GlobalVariableDefs.obj (SpiaRegsFile)

SciaRegsFile 
*          1    00007050    00000010     UNINITIALIZED
                  00007050    00000010     F2806x_GlobalVariableDefs.obj (SciaRegsFile)

NmiIntruptRegsFile 
*          1    00007060    00000010     UNINITIALIZED
                  00007060    00000010     F2806x_GlobalVariableDefs.obj (NmiIntruptRegsFile)

XIntruptRegsFile 
*          1    00007070    00000010     UNINITIALIZED
                  00007070    00000010     F2806x_GlobalVariableDefs.obj (XIntruptRegsFile)

AdcRegsFile 
*          1    00007100    00000050     UNINITIALIZED
                  00007100    00000050     F2806x_GlobalVariableDefs.obj (AdcRegsFile)

SpibRegsFile 
*          1    00007740    00000010     UNINITIALIZED
                  00007740    00000010     F2806x_GlobalVariableDefs.obj (SpibRegsFile)

ScibRegsFile 
*          1    00007750    00000010     UNINITIALIZED
                  00007750    00000010     F2806x_GlobalVariableDefs.obj (ScibRegsFile)

I2caRegsFile 
*          1    00007900    00000022     UNINITIALIZED
                  00007900    00000022     F2806x_GlobalVariableDefs.obj (I2caRegsFile)

.ebss      1    0000a000    0000013f     UNINITIALIZED
                  0000a000    000000c0     main.obj (.ebss)
                  0000a0c0    00000056     MPU6050.obj (.ebss)
                  0000a116    00000018     F2806x_CpuTimers.obj (.ebss)
                  0000a12e    00000006     Adc.obj (.ebss)
                  0000a134    00000006     rts2800_fpu32.lib : exit.obj (.ebss)
                  0000a13a    00000002                       : _lock.obj (.ebss:__lock)
                  0000a13c    00000002                       : _lock.obj (.ebss:__unlock)
                  0000a13e    00000001     Key.obj (.ebss)

.reset     0    003fffc0    00000002     DSECT
                  003fffc0    00000002     rts2800_fpu32.lib : boot.obj (.reset)

vectors    0    003fffc2    00000000     DSECT

PartIdRegsFile 
*          1    003d7e80    00000001     UNINITIALIZED
                  003d7e80    00000001     F2806x_GlobalVariableDefs.obj (PartIdRegsFile)

CsmPwlFile 
*          1    003f7ff8    00000008     UNINITIALIZED
                  003f7ff8    00000008     F2806x_GlobalVariableDefs.obj (CsmPwlFile)

MODULE SUMMARY

       Module                          code   ro data   rw data
       ------                          ----   -------   -------
    .\
       main.obj                        621    0         297    
    +--+-------------------------------+------+---------+---------+
       Total:                          621    0         297    
                                                               
    .\hardware\
       MPU6050.obj                     613    0         200    
       Adc.obj                         344    0         6      
       IIC.obj                         319    0         0      
       EPwm.obj                        104    0         0      
       QEP.obj                         92     0         0      
       Key.obj                         40     0         5      
    +--+-------------------------------+------+---------+---------+
       Total:                          1512   0         211    
                                                               
    .\source\
       F2806x_GlobalVariableDefs.obj   0      0         3550   
       F2806x_DefaultIsr.obj           935    0         0      
       F2806x_Adc.obj                  570    0         0      
       F2806x_SysCtrl.obj              450    0         0      
       F2806x_PieVect.obj              38     0         256    
       F2806x_EPwm.obj                 216    0         0      
       F2806x_CpuTimers.obj            122    0         24     
       F2806x_EQep.obj                 52     0         0      
       F2806x_PieCtrl.obj              40     0         0      
       F2806x_CodeStartBranch.obj      10     0         0      
       F2806x_usDelay.obj              8      0         0      
       F2806x_DisInt.obj               7      0         0      
       F2806x_DBGIER.obj               3      0         0      
    +--+-------------------------------+------+---------+---------+
       Total:                          2451   0         3830   
                                                               
    C:\ti\ccsv6\tools\compiler\c2000_15.12.3.LTS\lib\rts2800_fpu32.lib
       s_atanf.obj                     201    0         30     
       e_atan2f.obj                    212    0         12     
       fs_div.obj                      136    0         0      
       boot.obj                        86     0         0      
       cpy_tbl.obj                     70     0         0      
       exit.obj                        41     0         20     
       memcpy.obj                      30     0         0      
       cpy_utils.obj                   26     0         0      
       args_main.obj                   25     0         0      
       _lock.obj                       9      0         14     
       pre_init.obj                    2      0         0      
       startup.obj                     1      0         0      
    +--+-------------------------------+------+---------+---------+
       Total:                          839    0         76     
                                                               
       Stack:                          0      0         768    
    +--+-------------------------------+------+---------+---------+
       Grand Total:                    5423   0         5182   


GLOBAL DATA SYMBOLS: SORTED BY DATA PAGE

address     data page           name
--------    ----------------    ----
00000050       1 (00000040)     __stack

00000880      22 (00000880)     _DevEmuRegs

00000985      26 (00000980)     _SysPwrCtrlRegs

00000a80      2a (00000a80)     _FlashRegs

00000ae0      2b (00000ac0)     _CsmRegs

00000b00      2c (00000b00)     _AdcResult

00000c00      30 (00000c00)     _CpuTimer0Regs
00000c08      30 (00000c00)     _CpuTimer1Regs
00000c10      30 (00000c00)     _CpuTimer2Regs

00000ce0      33 (00000cc0)     _PieCtrlRegs

00000d00      34 (00000d00)     _EmuKey
00000d00      34 (00000d00)     _PieVectTable
00000d01      34 (00000d00)     _EmuBMode
00000d02      34 (00000d00)     _Flash_CallbackPtr
00000d04      34 (00000d00)     _Flash_CPUScaleFactor

00001000      40 (00001000)     _DmaRegs

00001400      50 (00001400)     _Cla1Regs

00004000     100 (00004000)     _Usb0Regs

00005000     140 (00005000)     _McbspaRegs

00006000     180 (00006000)     _ECanaRegs

00006040     181 (00006040)     _ECanaLAMRegs

00006080     182 (00006080)     _ECanaMOTSRegs

000060c0     183 (000060c0)     _ECanaMOTORegs

00006100     184 (00006100)     _ECanaMboxes

00006400     190 (00006400)     _Comp1Regs
00006420     190 (00006400)     _Comp2Regs

00006440     191 (00006440)     _Comp3Regs

00006800     1a0 (00006800)     _EPwm1Regs

00006840     1a1 (00006840)     _EPwm2Regs

00006880     1a2 (00006880)     _EPwm3Regs

000068c0     1a3 (000068c0)     _EPwm4Regs

00006900     1a4 (00006900)     _EPwm5Regs

00006940     1a5 (00006940)     _EPwm6Regs

00006980     1a6 (00006980)     _EPwm7Regs

000069c0     1a7 (000069c0)     _EPwm8Regs

00006a00     1a8 (00006a00)     _ECap1Regs
00006a20     1a8 (00006a00)     _ECap2Regs

00006a40     1a9 (00006a40)     _ECap3Regs

00006ac0     1ab (00006ac0)     _HRCap1Regs
00006ae0     1ab (00006ac0)     _HRCap2Regs

00006b00     1ac (00006b00)     _EQep1Regs

00006b40     1ad (00006b40)     _EQep2Regs

00006c80     1b2 (00006c80)     _HRCap3Regs
00006ca0     1b2 (00006c80)     _HRCap4Regs

00006f80     1be (00006f80)     _GpioCtrlRegs

00006fc0     1bf (00006fc0)     _GpioDataRegs
00006fe0     1bf (00006fc0)     _GpioIntRegs

00007010     1c0 (00007000)     _SysCtrlRegs

00007040     1c1 (00007040)     _SpiaRegs
00007050     1c1 (00007040)     _SciaRegs
00007060     1c1 (00007040)     _NmiIntruptRegs
00007070     1c1 (00007040)     _XIntruptRegs

00007100     1c4 (00007100)     _AdcRegs

00007740     1dd (00007740)     _SpibRegs
00007750     1dd (00007740)     _ScibRegs

00007900     1e4 (00007900)     _I2caRegs

0000a000     280 (0000a000)     _Moto1
0000a001     280 (0000a000)     _Turn_Pwm
0000a002     280 (0000a000)     _Moto2
0000a003     280 (0000a000)     _Balance_Pwm
0000a004     280 (0000a000)     _Velocity_Pwm
0000a005     280 (0000a000)     _Encoder_Left
0000a006     280 (0000a000)     _CCD_Yuzhi
0000a007     280 (0000a000)     _CCD_Z
0000a009     280 (0000a000)     _ZZ
0000a00d     280 (0000a000)     _Encoder_Right
0000a00e     280 (0000a000)     _Flag_Stop
0000a014     280 (0000a000)     _dyw
0000a01a     280 (0000a000)     _ttx
0000a01e     280 (0000a000)     _Gyro_Turn
0000a022     280 (0000a000)     _Gyro_Balance
0000a024     280 (0000a000)     _Angle_Balance

0000a040     281 (0000a040)     _ADV

0000a0c0     283 (0000a0c0)     _i
0000a0c1     283 (0000a0c0)     _GYRO_OFFSET_OK
0000a0c2     283 (0000a0c0)     _Temperature
0000a0c3     283 (0000a0c0)     _C_0
0000a0c4     283 (0000a0c0)     _ACC_OFFSET_OK
0000a0c6     283 (0000a0c0)     _Q_bias
0000a0c8     283 (0000a0c0)     _Angle_err
0000a0ca     283 (0000a0c0)     _R_angle
0000a0cc     283 (0000a0c0)     _Q_gyro
0000a0ce     283 (0000a0c0)     _dt
0000a0d0     283 (0000a0c0)     _K_1
0000a0d2     283 (0000a0c0)     _K_0
0000a0d4     283 (0000a0c0)     _t_1
0000a0d6     283 (0000a0c0)     _PCt_1
0000a0d8     283 (0000a0c0)     _PCt_0
0000a0da     283 (0000a0c0)     _t_0
0000a0dc     283 (0000a0c0)     _K1
0000a0de     283 (0000a0c0)     _Q_angle
0000a0e0     283 (0000a0c0)     _angle_dot
0000a0e2     283 (0000a0c0)     _angle
0000a0e4     283 (0000a0c0)     _E
0000a0e6     283 (0000a0c0)     _GYRO_OFFSET
0000a0e9     283 (0000a0c0)     _MPU6050_GYRO_LAST
0000a0ec     283 (0000a0c0)     _MPU6050_ACC_LAST
0000a0ef     283 (0000a0c0)     _ACC_OFFSET
0000a0f2     283 (0000a0c0)     _PP

0000a100     284 (0000a100)     _Pdot
0000a108     284 (0000a100)     _mpu6050_buffer
0000a116     284 (0000a100)     _CpuTimer1
0000a11e     284 (0000a100)     _CpuTimer2
0000a126     284 (0000a100)     _CpuTimer0
0000a134     284 (0000a100)     ___TI_enable_exit_profile_output
0000a136     284 (0000a100)     ___TI_cleanup_ptr
0000a138     284 (0000a100)     ___TI_dtors_ptr
0000a13a     284 (0000a100)     __lock
0000a13c     284 (0000a100)     __unlock

003d7e80    f5fa (003d7e80)     _PartIdRegs

003f54f0    fd53 (003f54c0)     _PieVectTableInit

003f7ff8    fdff (003f7fc0)     _CsmPwl


GLOBAL SYMBOLS: SORTED ALPHABETICALLY BY Name 

page  address   name                            
----  -------   ----                            
0     003f4000  .text                           
0     003f53e1  C$$EXIT                         
0     003f50c5  FS$$DIV                         
1     0000a0ef  _ACC_OFFSET                     
1     0000a0c4  _ACC_OFFSET_OK                  
0     003f40be  _ADCINT1_ISR                    
0     003f40c8  _ADCINT2_ISR                    
0     003f42dc  _ADCINT3_ISR                    
0     003f42e6  _ADCINT4_ISR                    
0     003f42f0  _ADCINT5_ISR                    
0     003f42fa  _ADCINT6_ISR                    
0     003f4304  _ADCINT7_ISR                    
0     003f430e  _ADCINT8_ISR                    
0     003f40f2  _ADCINT9_ISR                    
1     0000a040  _ADV                            
0     003f4680  _AdcChanSelect                  
0     003f46f5  _AdcConversion                  
0     003f4659  _AdcOffsetSelfCal               
1     00007100  _AdcRegs                        
1     00000b00  _AdcResult                      
1     0000a024  _Angle_Balance                  
1     0000a0c8  _Angle_err                      
1     0000a003  _Balance_Pwm                    
0     003f4bf3  _CCD_Start                      
1     0000a006  _CCD_Yuzhi                      
1     0000a007  _CCD_Z                          
0     003f4318  _CLA1_INT1_ISR                  
0     003f4322  _CLA1_INT2_ISR                  
0     003f432c  _CLA1_INT3_ISR                  
0     003f4336  _CLA1_INT4_ISR                  
0     003f4340  _CLA1_INT5_ISR                  
0     003f434a  _CLA1_INT6_ISR                  
0     003f4354  _CLA1_INT7_ISR                  
0     003f435e  _CLA1_INT8_ISR                  
1     0000a0c3  _C_0                            
1     00001400  _Cla1Regs                       
1     00006400  _Comp1Regs                      
1     00006420  _Comp2Regs                      
1     00006440  _Comp3Regs                      
0     003f520e  _ConfigCpuTimer                 
1     0000a126  _CpuTimer0                      
1     00000c00  _CpuTimer0Regs                  
1     0000a116  _CpuTimer1                      
1     00000c08  _CpuTimer1Regs                  
1     0000a11e  _CpuTimer2                      
1     00000c10  _CpuTimer2Regs                  
1     003f7ff8  _CsmPwl                         
1     00000ae0  _CsmRegs                        
0     003f4b32  _CsmUnlock                      
0     003f4014  _DATALOG_ISR                    
0     003f4250  _DINTCH1_ISR                    
0     003f425a  _DINTCH2_ISR                    
0     003f4264  _DINTCH3_ISR                    
0     003f426e  _DINTCH4_ISR                    
0     003f4278  _DINTCH5_ISR                    
0     003f4282  _DINTCH6_ISR                    
0     003f54e2  _DSP28x_DisableInt              
0     003f54e6  _DSP28x_RestoreInt              
0     0000801b  _DSP28x_usDelay                 
1     00000880  _DevEmuRegs                     
0     003f4a51  _DisableDog                     
0     003f4be8  _Dly_us                         
1     00001000  _DmaRegs                        
1     0000a0e4  _E                              
0     003f42c8  _ECAN0INTA_ISR                  
0     003f42d2  _ECAN1INTA_ISR                  
0     003f41b0  _ECAP1_INT_ISR                  
0     003f41ba  _ECAP2_INT_ISR                  
0     003f41c4  _ECAP3_INT_ISR                  
1     00006040  _ECanaLAMRegs                   
1     000060c0  _ECanaMOTORegs                  
1     00006080  _ECanaMOTSRegs                  
1     00006100  _ECanaMboxes                    
1     00006000  _ECanaRegs                      
1     00006a00  _ECap1Regs                      
1     00006a20  _ECap2Regs                      
1     00006a40  _ECap3Regs                      
0     003f4386  _EMPTY_ISR                      
0     003f4028  _EMUINT_ISR                     
0     003f4160  _EPWM1_INT_ISR                  
0     003f4110  _EPWM1_TZINT_ISR                
0     003f416a  _EPWM2_INT_ISR                  
0     003f411a  _EPWM2_TZINT_ISR                
0     003f4174  _EPWM3_INT_ISR                  
0     003f4124  _EPWM3_TZINT_ISR                
0     003f417e  _EPWM4_INT_ISR                  
0     003f412e  _EPWM4_TZINT_ISR                
0     003f4188  _EPWM5_INT_ISR                  
0     003f4138  _EPWM5_TZINT_ISR                
0     003f4192  _EPWM6_INT_ISR                  
0     003f4142  _EPWM6_TZINT_ISR                
0     003f419c  _EPWM7_INT_ISR                  
0     003f414c  _EPWM7_TZINT_ISR                
0     003f41a6  _EPWM8_INT_ISR                  
0     003f4156  _EPWM8_TZINT_ISR                
1     00006800  _EPwm1Regs                      
1     00006840  _EPwm2Regs                      
1     00006880  _EPwm3Regs                      
1     000068c0  _EPwm4Regs                      
1     00006900  _EPwm5Regs                      
1     00006940  _EPwm6Regs                      
1     00006980  _EPwm7Regs                      
1     000069c0  _EPwm8Regs                      
0     003f41e2  _EQEP1_INT_ISR                  
0     003f41ec  _EQEP2_INT_ISR                  
1     00006b00  _EQep1Regs                      
1     00006b40  _EQep2Regs                      
1     00000d01  _EmuBMode                       
1     00000d00  _EmuKey                         
0     003f5429  _EnableInterrupts               
1     0000a005  _Encoder_Left                   
1     0000a00d  _Encoder_Right                  
0     003f4ba3  _ExtOscSel                      
0     003f4c7e  _Find_CCD_Zhongzhi              
1     0000a00e  _Flag_Stop                      
1     00000a80  _FlashRegs                      
1     00000d04  _Flash_CPUScaleFactor           
1     00000d02  _Flash_CallbackPtr              
1     0000a0e6  _GYRO_OFFSET                    
1     0000a0c1  _GYRO_OFFSET_OK                 
0     003f4577  _Get_Angle                      
1     00006f80  _GpioCtrlRegs                   
1     00006fc0  _GpioDataRegs                   
1     00006fe0  _GpioIntRegs                    
1     0000a022  _Gyro_Balance                   
1     0000a01e  _Gyro_Turn                      
0     003f41ce  _HRCAP1_INT_ISR                 
0     003f41d8  _HRCAP2_INT_ISR                 
0     003f41f6  _HRCAP3_INT_ISR                 
0     003f4200  _HRCAP4_INT_ISR                 
1     00006ac0  _HRCap1Regs                     
1     00006ae0  _HRCap2Regs                     
1     00006c80  _HRCap3Regs                     
1     00006ca0  _HRCap4Regs                     
0     003f428c  _I2CINT1A_ISR                   
0     003f4296  _I2CINT2A_ISR                   
0     003f4d3d  _I2C_rrdy                       
0     003f4d34  _I2C_xrdy                       
1     00007900  _I2caRegs                       
0     003f4dda  _IICwriteBit                    
0     003f4e0b  _IICwriteBits                   
0     003f403c  _ILLEGAL_ISR                    
0     003f4000  _INT13_ISR                      
0     003f400a  _INT14_ISR                      
0     003f460c  _InitAdc                        
0     003f4637  _InitAdcAio                     
0     003f4bb9  _InitCCDGPIO                    
0     003f51d3  _InitCpuTimers                  
0     003f4e50  _InitEPwm                       
0     003f4e62  _InitEPwm1Gpio                  
0     003f4e74  _InitEPwm2Gpio                  
0     003f4e86  _InitEPwm3Gpio                  
0     003f4e9a  _InitEPwm4Gpio                  
0     003f4eae  _InitEPwm5Gpio                  
0     003f4ec0  _InitEPwm6Gpio                  
0     003f4ed2  _InitEPwm7Gpio                  
0     003f4ee4  _InitEPwm8Gpio                  
0     003f4e51  _InitEPwmGpio                   
0     003f4ef6  _InitEPwmSyncGpio               
0     003f53ad  _InitEQep                       
0     003f53b3  _InitEQep1Gpio                  
0     003f53cb  _InitEQep2Gpio                  
0     003f53ae  _InitEQepGpio                   
0     00008000  _InitFlash                      
0     003f49e5  _InitLEDGPIO                    
0     003f524d  _InitPWM1                       
0     003f5281  _InitPWM2                       
0     003f4adc  _InitPeripheralClocks           
0     003f540a  _InitPieCtrl                    
0     003f545a  _InitPieVectTable               
0     003f4a59  _InitPll                        
0     003f4aae  _InitPll2                       
0     003f4a2d  _InitSysCtrl                    
0     003f4f07  _InitTzGpio                     
0     003f4bc7  _Init_Adc_CCD                   
0     003f4d11  _Init_I2CA                      
0     003f5432  _Init_KEY_GPIO                  
0     003f4b63  _IntOsc1Sel                     
0     003f4b73  _IntOsc2Sel                     
1     0000a0dc  _K1                             
1     0000a0d2  _K_0                            
1     0000a0d0  _K_1                            
0     003f4432  _Kalman_Filter                  
0     003f49fa  _Key                            
0     003f49f3  _LEDOverTurn                    
0     003f437c  _LUF_ISR                        
0     003f4372  _LVF_ISR                        
1     0000a0ec  _MPU6050_ACC_LAST               
1     0000a0e9  _MPU6050_GYRO_LAST              
0     003f43f9  _MPU6050_Init                   
0     003f43a7  _MPU6050_Read                   
0     003f43b9  _MPU6050_setClockSource         
0     003f43da  _MPU6050_setDLPF                
0     003f43cf  _MPU6050_setFullScaleAccelRange 
0     003f43c4  _MPU6050_setFullScaleGyroRange  
0     003f43ef  _MPU6050_setI2CBypassEnabled    
0     003f43e5  _MPU6050_setI2CMasterModeEnabled
0     003f43af  _MPU6050_setSleepEnabled        
0     003f423c  _MRINTA_ISR                     
0     003f4246  _MXINTA_ISR                     
1     00005000  _McbspaRegs                     
1     0000a000  _Moto1                          
1     0000a002  _Moto2                          
0     003f4032  _NMI_ISR                        
1     00007060  _NmiIntruptRegs                 
1     0000a0d8  _PCt_0                          
1     0000a0d6  _PCt_1                          
0     003f4393  _PIE_RESERVED                   
0     003f52b5  _POSSPEED_Init                  
1     0000a0f2  _PP                             
1     003d7e80  _PartIdRegs                     
1     0000a100  _Pdot                           
1     00000ce0  _PieCtrlRegs                    
1     00000d00  _PieVectTable                   
0     003f54f0  _PieVectTableInit               
1     0000a0de  _Q_angle                        
1     0000a0c6  _Q_bias                         
1     0000a0cc  _Q_gyro                         
0     003f401e  _RTOSINT_ISR                    
1     0000a0ca  _R_angle                        
0     003e801f  _RamfuncsLoadEnd                
abs   0000001f  _RamfuncsLoadSize               
0     003e8000  _RamfuncsLoadStart              
0     00008000  _RamfuncsRunStart               
0     003f4d80  _ReadData                       
0     003f4c27  _Read_CCD                       
0     003f52f6  _Read_Encoder                   
0     003f42a0  _SCIRXINTA_ISR                  
0     003f42b4  _SCIRXINTB_ISR                  
0     003f42aa  _SCITXINTA_ISR                  
0     003f42be  _SCITXINTB_ISR                  
0     003f4214  _SPIRXINTA_ISR                  
0     003f4228  _SPIRXINTB_ISR                  
0     003f421e  _SPITXINTA_ISR                  
0     003f4232  _SPITXINTB_ISR                  
1     00007050  _SciaRegs                       
1     00007750  _ScibRegs                       
0     003f4a47  _ServiceDog                     
0     003f54e9  _SetDBGIER                      
0     003f4988  _Set_Pwm                        
1     00007040  _SpiaRegs                       
1     00007740  _SpibRegs                       
1     00007010  _SysCtrlRegs                    
1     00000985  _SysPwrCtrlRegs                 
0     003f514d  _TIMER0_ISR                     
0     003f40fc  _TINT0_ISR                      
1     0000a0c2  _Temperature                    
0     003f4a0e  _Turn_Off                       
1     0000a001  _Turn_Pwm                       
0     003f420a  _USB0_INT_ISR                   
0     003f40a0  _USER10_ISR                     
0     003f40aa  _USER11_ISR                     
0     003f40b4  _USER12_ISR                     
0     003f4046  _USER1_ISR                      
0     003f4050  _USER2_ISR                      
0     003f405a  _USER3_ISR                      
0     003f4064  _USER4_ISR                      
0     003f406e  _USER5_ISR                      
0     003f4078  _USER6_ISR                      
0     003f4082  _USER7_ISR                      
0     003f408c  _USER8_ISR                      
0     003f4096  _USER9_ISR                      
1     00004000  _Usb0Regs                       
1     0000a004  _Velocity_Pwm                   
0     003f4106  _WAKEINT_ISR                    
0     003f4d46  _WriteData                      
0     003f40d2  _XINT1_ISR                      
0     003f40e8  _XINT2_ISR                      
0     003f4368  _XINT3_ISR                      
1     00007070  _XIntruptRegs                   
0     003f49bf  _Xianfu_Pwm                     
0     003f4b87  _XtalOscSel                     
0     003f454c  _Yijielvbo                      
1     0000a009  _ZZ                             
1     00000350  __STACK_END                     
abs   00000300  __STACK_SIZE                    
1     0000a136  ___TI_cleanup_ptr               
1     0000a138  ___TI_dtors_ptr                 
1     0000a134  ___TI_enable_exit_profile_output
abs   ffffffff  ___TI_pprof_out_hndl            
abs   ffffffff  ___TI_prof_data_size            
abs   ffffffff  ___TI_prof_data_start           
abs   ffffffff  ___binit__                      
abs   ffffffff  ___c_args__                     
0     003f561a  ___cinit__                      
0     003f54ef  ___etext__                      
abs   ffffffff  ___pinit__                      
0     003f4000  ___text__                       
0     003f54b8  __args_main                     
1     0000a13a  __lock                          
0     003f54d9  __nop                           
0     003f54d5  __register_lock                 
0     003f54d1  __register_unlock               
1     00000050  __stack                         
0     003f54ee  __system_post_cinit             
0     003f54ec  __system_pre_init               
1     0000a13c  __unlock                        
0     003f53e1  _abort                          
1     0000a0e2  _angle                          
1     0000a0e0  _angle_dot                      
0     003f4ffc  _atan                           
0     003f4f28  _atan2                          
0     003f4f28  _atan2f                         
0     003f4ffc  _atanf                          
0     003f489a  _balance                        
0     003f5311  _c_int00                        
0     003f5440  _click                          
0     003f5367  _copy_in                        
0     003f549e  _ddcopy                         
0     003f549e  _dpcopy                         
1     0000a0ce  _dt                             
1     0000a014  _dyw                            
0     003f53e3  _exit                           
1     0000a0c0  _i                              
0     003f4846  _main                           
0     003f5480  _memcpy                         
1     0000a108  _mpu6050_buffer                 
0     003f49db  _myabs                          
0     003f549e  _pdcopy                         
0     003f549e  _ppcopy                         
0     003f439d  _rsvd_ISR                       
1     0000a0da  _t_0                            
1     0000a0d4  _t_1                            
1     0000a01a  _ttx                            
0     003f4959  _turn_CCD                       
0     003f48c5  _velocity                       
abs   ffffffff  binit                           
0     003f561a  cinit                           
0     003f7ff6  code_start                      
0     003f54ef  etext                           
abs   ffffffff  pinit                           


GLOBAL SYMBOLS: SORTED BY Symbol Address 

page  address   name                            
----  -------   ----                            
0     00008000  _InitFlash                      
0     00008000  _RamfuncsRunStart               
0     0000801b  _DSP28x_usDelay                 
0     003e8000  _RamfuncsLoadStart              
0     003e801f  _RamfuncsLoadEnd                
0     003f4000  .text                           
0     003f4000  _INT13_ISR                      
0     003f4000  ___text__                       
0     003f400a  _INT14_ISR                      
0     003f4014  _DATALOG_ISR                    
0     003f401e  _RTOSINT_ISR                    
0     003f4028  _EMUINT_ISR                     
0     003f4032  _NMI_ISR                        
0     003f403c  _ILLEGAL_ISR                    
0     003f4046  _USER1_ISR                      
0     003f4050  _USER2_ISR                      
0     003f405a  _USER3_ISR                      
0     003f4064  _USER4_ISR                      
0     003f406e  _USER5_ISR                      
0     003f4078  _USER6_ISR                      
0     003f4082  _USER7_ISR                      
0     003f408c  _USER8_ISR                      
0     003f4096  _USER9_ISR                      
0     003f40a0  _USER10_ISR                     
0     003f40aa  _USER11_ISR                     
0     003f40b4  _USER12_ISR                     
0     003f40be  _ADCINT1_ISR                    
0     003f40c8  _ADCINT2_ISR                    
0     003f40d2  _XINT1_ISR                      
0     003f40e8  _XINT2_ISR                      
0     003f40f2  _ADCINT9_ISR                    
0     003f40fc  _TINT0_ISR                      
0     003f4106  _WAKEINT_ISR                    
0     003f4110  _EPWM1_TZINT_ISR                
0     003f411a  _EPWM2_TZINT_ISR                
0     003f4124  _EPWM3_TZINT_ISR                
0     003f412e  _EPWM4_TZINT_ISR                
0     003f4138  _EPWM5_TZINT_ISR                
0     003f4142  _EPWM6_TZINT_ISR                
0     003f414c  _EPWM7_TZINT_ISR                
0     003f4156  _EPWM8_TZINT_ISR                
0     003f4160  _EPWM1_INT_ISR                  
0     003f416a  _EPWM2_INT_ISR                  
0     003f4174  _EPWM3_INT_ISR                  
0     003f417e  _EPWM4_INT_ISR                  
0     003f4188  _EPWM5_INT_ISR                  
0     003f4192  _EPWM6_INT_ISR                  
0     003f419c  _EPWM7_INT_ISR                  
0     003f41a6  _EPWM8_INT_ISR                  
0     003f41b0  _ECAP1_INT_ISR                  
0     003f41ba  _ECAP2_INT_ISR                  
0     003f41c4  _ECAP3_INT_ISR                  
0     003f41ce  _HRCAP1_INT_ISR                 
0     003f41d8  _HRCAP2_INT_ISR                 
0     003f41e2  _EQEP1_INT_ISR                  
0     003f41ec  _EQEP2_INT_ISR                  
0     003f41f6  _HRCAP3_INT_ISR                 
0     003f4200  _HRCAP4_INT_ISR                 
0     003f420a  _USB0_INT_ISR                   
0     003f4214  _SPIRXINTA_ISR                  
0     003f421e  _SPITXINTA_ISR                  
0     003f4228  _SPIRXINTB_ISR                  
0     003f4232  _SPITXINTB_ISR                  
0     003f423c  _MRINTA_ISR                     
0     003f4246  _MXINTA_ISR                     
0     003f4250  _DINTCH1_ISR                    
0     003f425a  _DINTCH2_ISR                    
0     003f4264  _DINTCH3_ISR                    
0     003f426e  _DINTCH4_ISR                    
0     003f4278  _DINTCH5_ISR                    
0     003f4282  _DINTCH6_ISR                    
0     003f428c  _I2CINT1A_ISR                   
0     003f4296  _I2CINT2A_ISR                   
0     003f42a0  _SCIRXINTA_ISR                  
0     003f42aa  _SCITXINTA_ISR                  
0     003f42b4  _SCIRXINTB_ISR                  
0     003f42be  _SCITXINTB_ISR                  
0     003f42c8  _ECAN0INTA_ISR                  
0     003f42d2  _ECAN1INTA_ISR                  
0     003f42dc  _ADCINT3_ISR                    
0     003f42e6  _ADCINT4_ISR                    
0     003f42f0  _ADCINT5_ISR                    
0     003f42fa  _ADCINT6_ISR                    
0     003f4304  _ADCINT7_ISR                    
0     003f430e  _ADCINT8_ISR                    
0     003f4318  _CLA1_INT1_ISR                  
0     003f4322  _CLA1_INT2_ISR                  
0     003f432c  _CLA1_INT3_ISR                  
0     003f4336  _CLA1_INT4_ISR                  
0     003f4340  _CLA1_INT5_ISR                  
0     003f434a  _CLA1_INT6_ISR                  
0     003f4354  _CLA1_INT7_ISR                  
0     003f435e  _CLA1_INT8_ISR                  
0     003f4368  _XINT3_ISR                      
0     003f4372  _LVF_ISR                        
0     003f437c  _LUF_ISR                        
0     003f4386  _EMPTY_ISR                      
0     003f4393  _PIE_RESERVED                   
0     003f439d  _rsvd_ISR                       
0     003f43a7  _MPU6050_Read                   
0     003f43af  _MPU6050_setSleepEnabled        
0     003f43b9  _MPU6050_setClockSource         
0     003f43c4  _MPU6050_setFullScaleGyroRange  
0     003f43cf  _MPU6050_setFullScaleAccelRange 
0     003f43da  _MPU6050_setDLPF                
0     003f43e5  _MPU6050_setI2CMasterModeEnabled
0     003f43ef  _MPU6050_setI2CBypassEnabled    
0     003f43f9  _MPU6050_Init                   
0     003f4432  _Kalman_Filter                  
0     003f454c  _Yijielvbo                      
0     003f4577  _Get_Angle                      
0     003f460c  _InitAdc                        
0     003f4637  _InitAdcAio                     
0     003f4659  _AdcOffsetSelfCal               
0     003f4680  _AdcChanSelect                  
0     003f46f5  _AdcConversion                  
0     003f4846  _main                           
0     003f489a  _balance                        
0     003f48c5  _velocity                       
0     003f4959  _turn_CCD                       
0     003f4988  _Set_Pwm                        
0     003f49bf  _Xianfu_Pwm                     
0     003f49db  _myabs                          
0     003f49e5  _InitLEDGPIO                    
0     003f49f3  _LEDOverTurn                    
0     003f49fa  _Key                            
0     003f4a0e  _Turn_Off                       
0     003f4a2d  _InitSysCtrl                    
0     003f4a47  _ServiceDog                     
0     003f4a51  _DisableDog                     
0     003f4a59  _InitPll                        
0     003f4aae  _InitPll2                       
0     003f4adc  _InitPeripheralClocks           
0     003f4b32  _CsmUnlock                      
0     003f4b63  _IntOsc1Sel                     
0     003f4b73  _IntOsc2Sel                     
0     003f4b87  _XtalOscSel                     
0     003f4ba3  _ExtOscSel                      
0     003f4bb9  _InitCCDGPIO                    
0     003f4bc7  _Init_Adc_CCD                   
0     003f4be8  _Dly_us                         
0     003f4bf3  _CCD_Start                      
0     003f4c27  _Read_CCD                       
0     003f4c7e  _Find_CCD_Zhongzhi              
0     003f4d11  _Init_I2CA                      
0     003f4d34  _I2C_xrdy                       
0     003f4d3d  _I2C_rrdy                       
0     003f4d46  _WriteData                      
0     003f4d80  _ReadData                       
0     003f4dda  _IICwriteBit                    
0     003f4e0b  _IICwriteBits                   
0     003f4e50  _InitEPwm                       
0     003f4e51  _InitEPwmGpio                   
0     003f4e62  _InitEPwm1Gpio                  
0     003f4e74  _InitEPwm2Gpio                  
0     003f4e86  _InitEPwm3Gpio                  
0     003f4e9a  _InitEPwm4Gpio                  
0     003f4eae  _InitEPwm5Gpio                  
0     003f4ec0  _InitEPwm6Gpio                  
0     003f4ed2  _InitEPwm7Gpio                  
0     003f4ee4  _InitEPwm8Gpio                  
0     003f4ef6  _InitEPwmSyncGpio               
0     003f4f07  _InitTzGpio                     
0     003f4f28  _atan2                          
0     003f4f28  _atan2f                         
0     003f4ffc  _atan                           
0     003f4ffc  _atanf                          
0     003f50c5  FS$$DIV                         
0     003f514d  _TIMER0_ISR                     
0     003f51d3  _InitCpuTimers                  
0     003f520e  _ConfigCpuTimer                 
0     003f524d  _InitPWM1                       
0     003f5281  _InitPWM2                       
0     003f52b5  _POSSPEED_Init                  
0     003f52f6  _Read_Encoder                   
0     003f5311  _c_int00                        
0     003f5367  _copy_in                        
0     003f53ad  _InitEQep                       
0     003f53ae  _InitEQepGpio                   
0     003f53b3  _InitEQep1Gpio                  
0     003f53cb  _InitEQep2Gpio                  
0     003f53e1  C$$EXIT                         
0     003f53e1  _abort                          
0     003f53e3  _exit                           
0     003f540a  _InitPieCtrl                    
0     003f5429  _EnableInterrupts               
0     003f5432  _Init_KEY_GPIO                  
0     003f5440  _click                          
0     003f545a  _InitPieVectTable               
0     003f5480  _memcpy                         
0     003f549e  _ddcopy                         
0     003f549e  _dpcopy                         
0     003f549e  _pdcopy                         
0     003f549e  _ppcopy                         
0     003f54b8  __args_main                     
0     003f54d1  __register_unlock               
0     003f54d5  __register_lock                 
0     003f54d9  __nop                           
0     003f54e2  _DSP28x_DisableInt              
0     003f54e6  _DSP28x_RestoreInt              
0     003f54e9  _SetDBGIER                      
0     003f54ec  __system_pre_init               
0     003f54ee  __system_post_cinit             
0     003f54ef  ___etext__                      
0     003f54ef  etext                           
0     003f54f0  _PieVectTableInit               
0     003f561a  ___cinit__                      
0     003f561a  cinit                           
0     003f7ff6  code_start                      
1     00000050  __stack                         
1     00000350  __STACK_END                     
1     00000880  _DevEmuRegs                     
1     00000985  _SysPwrCtrlRegs                 
1     00000a80  _FlashRegs                      
1     00000ae0  _CsmRegs                        
1     00000b00  _AdcResult                      
1     00000c00  _CpuTimer0Regs                  
1     00000c08  _CpuTimer1Regs                  
1     00000c10  _CpuTimer2Regs                  
1     00000ce0  _PieCtrlRegs                    
1     00000d00  _EmuKey                         
1     00000d00  _PieVectTable                   
1     00000d01  _EmuBMode                       
1     00000d02  _Flash_CallbackPtr              
1     00000d04  _Flash_CPUScaleFactor           
1     00001000  _DmaRegs                        
1     00001400  _Cla1Regs                       
1     00004000  _Usb0Regs                       
1     00005000  _McbspaRegs                     
1     00006000  _ECanaRegs                      
1     00006040  _ECanaLAMRegs                   
1     00006080  _ECanaMOTSRegs                  
1     000060c0  _ECanaMOTORegs                  
1     00006100  _ECanaMboxes                    
1     00006400  _Comp1Regs                      
1     00006420  _Comp2Regs                      
1     00006440  _Comp3Regs                      
1     00006800  _EPwm1Regs                      
1     00006840  _EPwm2Regs                      
1     00006880  _EPwm3Regs                      
1     000068c0  _EPwm4Regs                      
1     00006900  _EPwm5Regs                      
1     00006940  _EPwm6Regs                      
1     00006980  _EPwm7Regs                      
1     000069c0  _EPwm8Regs                      
1     00006a00  _ECap1Regs                      
1     00006a20  _ECap2Regs                      
1     00006a40  _ECap3Regs                      
1     00006ac0  _HRCap1Regs                     
1     00006ae0  _HRCap2Regs                     
1     00006b00  _EQep1Regs                      
1     00006b40  _EQep2Regs                      
1     00006c80  _HRCap3Regs                     
1     00006ca0  _HRCap4Regs                     
1     00006f80  _GpioCtrlRegs                   
1     00006fc0  _GpioDataRegs                   
1     00006fe0  _GpioIntRegs                    
1     00007010  _SysCtrlRegs                    
1     00007040  _SpiaRegs                       
1     00007050  _SciaRegs                       
1     00007060  _NmiIntruptRegs                 
1     00007070  _XIntruptRegs                   
1     00007100  _AdcRegs                        
1     00007740  _SpibRegs                       
1     00007750  _ScibRegs                       
1     00007900  _I2caRegs                       
1     0000a000  _Moto1                          
1     0000a001  _Turn_Pwm                       
1     0000a002  _Moto2                          
1     0000a003  _Balance_Pwm                    
1     0000a004  _Velocity_Pwm                   
1     0000a005  _Encoder_Left                   
1     0000a006  _CCD_Yuzhi                      
1     0000a007  _CCD_Z                          
1     0000a009  _ZZ                             
1     0000a00d  _Encoder_Right                  
1     0000a00e  _Flag_Stop                      
1     0000a014  _dyw                            
1     0000a01a  _ttx                            
1     0000a01e  _Gyro_Turn                      
1     0000a022  _Gyro_Balance                   
1     0000a024  _Angle_Balance                  
1     0000a040  _ADV                            
1     0000a0c0  _i                              
1     0000a0c1  _GYRO_OFFSET_OK                 
1     0000a0c2  _Temperature                    
1     0000a0c3  _C_0                            
1     0000a0c4  _ACC_OFFSET_OK                  
1     0000a0c6  _Q_bias                         
1     0000a0c8  _Angle_err                      
1     0000a0ca  _R_angle                        
1     0000a0cc  _Q_gyro                         
1     0000a0ce  _dt                             
1     0000a0d0  _K_1                            
1     0000a0d2  _K_0                            
1     0000a0d4  _t_1                            
1     0000a0d6  _PCt_1                          
1     0000a0d8  _PCt_0                          
1     0000a0da  _t_0                            
1     0000a0dc  _K1                             
1     0000a0de  _Q_angle                        
1     0000a0e0  _angle_dot                      
1     0000a0e2  _angle                          
1     0000a0e4  _E                              
1     0000a0e6  _GYRO_OFFSET                    
1     0000a0e9  _MPU6050_GYRO_LAST              
1     0000a0ec  _MPU6050_ACC_LAST               
1     0000a0ef  _ACC_OFFSET                     
1     0000a0f2  _PP                             
1     0000a100  _Pdot                           
1     0000a108  _mpu6050_buffer                 
1     0000a116  _CpuTimer1                      
1     0000a11e  _CpuTimer2                      
1     0000a126  _CpuTimer0                      
1     0000a134  ___TI_enable_exit_profile_output
1     0000a136  ___TI_cleanup_ptr               
1     0000a138  ___TI_dtors_ptr                 
1     0000a13a  __lock                          
1     0000a13c  __unlock                        
1     003d7e80  _PartIdRegs                     
1     003f7ff8  _CsmPwl                         
abs   0000001f  _RamfuncsLoadSize               
abs   00000300  __STACK_SIZE                    
abs   ffffffff  ___TI_pprof_out_hndl            
abs   ffffffff  ___TI_prof_data_size            
abs   ffffffff  ___TI_prof_data_start           
abs   ffffffff  ___binit__                      
abs   ffffffff  ___c_args__                     
abs   ffffffff  ___pinit__                      
abs   ffffffff  binit                           
abs   ffffffff  pinit                           

[331 symbols]
