******************************************************************************
             TMS320C2000 Linker PC v15.12.3                    
******************************************************************************
>> Linked Tue Oct 10 15:39:18 2017

OUTPUT FILE NAME:   <F28069CCDXunJi.out>
ENTRY POINT SYMBOL: "_c_int00"  address: 0000930b


MEMORY CONFIGURATION

         name            origin    length      used     unused   attr    fill
----------------------  --------  ---------  --------  --------  ----  --------
PAGE 0:
  BEGIN                 00000000   00000002  00000002  00000000  RWIX
  RAMM0                 00000050   000003b0  000000fd  000002b3  RWIX
  RAML0_L3              00008000   00002000  000014cb  00000b35  RWIX
  FPUTABLES             003fd860   000006a0  00000000  000006a0  RWIX
  IQTABLES              003fdf00   00000b50  00000000  00000b50  RWIX
  IQTABLES2             003fea50   0000008c  00000000  0000008c  RWIX
  IQTABLES3             003feadc   000000aa  00000000  000000aa  RWIX
  BOOTROM               003ff3b0   00000c10  00000000  00000c10  RWIX
  RESET                 003fffc0   00000002  00000000  00000002  RWIX

PAGE 1:
  BOOT_RSVD             00000002   0000004e  00000000  0000004e  RWIX
  RAMM1                 00000400   00000400  00000300  00000100  RWIX
  DEV_EMU               00000880   00000105  00000004  00000101  RWIX
  SYS_PWR_CTL           00000985   00000003  00000003  00000000  RWIX
  FLASH_REGS            00000a80   00000060  00000008  00000058  RWIX
  CSM                   00000ae0   00000020  00000010  00000010  RWIX
  ADC_RESULT            00000b00   00000020  00000010  00000010  RWIX
  CPU_TIMER0            00000c00   00000008  00000008  00000000  RWIX
  CPU_TIMER1            00000c08   00000008  00000008  00000000  RWIX
  CPU_TIMER2            00000c10   00000008  00000008  00000000  RWIX
  PIE_CTRL              00000ce0   00000020  0000001a  00000006  RWIX
  PIE_VECT              00000d00   00000100  00000100  00000000  RWIX
  DMA                   00001000   00000200  000000e0  00000120  RWIX
  CLA1                  00001400   00000080  00000040  00000040  RWIX
  USB0                  00004000   00001000  00000454  00000bac  RWIX
  McBSPA                00005000   00000040  00000024  0000001c  RWIX
  ECANA                 00006000   00000040  00000034  0000000c  RWIX
  ECANA_LAM             00006040   00000040  00000040  00000000  RWIX
  ECANA_MOTS            00006080   00000040  00000040  00000000  RWIX
  ECANA_MOTO            000060c0   00000040  00000040  00000000  RWIX
  ECANA_MBOX            00006100   00000100  00000100  00000000  RWIX
  COMP1                 00006400   00000020  00000014  0000000c  RWIX
  COMP2                 00006420   00000020  00000014  0000000c  RWIX
  COMP3                 00006440   00000020  00000014  0000000c  RWIX
  EPWM1                 00006800   00000040  00000040  00000000  RWIX
  EPWM2                 00006840   00000040  00000040  00000000  RWIX
  EPWM3                 00006880   00000040  00000040  00000000  RWIX
  EPWM4                 000068c0   00000040  00000040  00000000  RWIX
  EPWM5                 00006900   00000040  00000040  00000000  RWIX
  EPWM6                 00006940   00000040  00000040  00000000  RWIX
  EPWM7                 00006980   00000040  00000040  00000000  RWIX
  EPWM8                 000069c0   00000040  00000040  00000000  RWIX
  ECAP1                 00006a00   00000020  00000020  00000000  RWIX
  ECAP2                 00006a20   00000020  00000020  00000000  RWIX
  ECAP3                 00006a40   00000020  00000020  00000000  RWIX
  HRCAP1                00006ac0   00000020  00000020  00000000  RWIX
  HRCAP2                00006ae0   00000020  00000020  00000000  RWIX
  EQEP1                 00006b00   00000040  00000022  0000001e  RWIX
  EQEP2                 00006b40   00000040  00000022  0000001e  RWIX
  HRCAP3                00006c80   00000020  00000020  00000000  RWIX
  HRCAP4                00006ca0   00000020  00000020  00000000  RWIX
  GPIOCTRL              00006f80   00000040  00000040  00000000  RWIX
  GPIODAT               00006fc0   00000020  00000020  00000000  RWIX
  GPIOINT               00006fe0   00000020  00000020  00000000  RWIX
  SYSTEM                00007010   00000030  00000030  00000000  RWIX
  SPIA                  00007040   00000010  00000010  00000000  RWIX
  SCIA                  00007050   00000010  00000010  00000000  RWIX
  NMIINTRUPT            00007060   00000010  00000010  00000000  RWIX
  XINTRUPT              00007070   00000010  00000010  00000000  RWIX
  ADC                   00007100   00000080  00000050  00000030  RWIX
  SPIB                  00007740   00000010  00000010  00000000  RWIX
  SCIB                  00007750   00000010  00000010  00000000  RWIX
  I2CA                  00007900   00000040  00000022  0000001e  RWIX
  RAML4                 0000a000   00002000  00000269  00001d97  RWIX
  RAML5                 0000c000   00002000  00000000  00002000  RWIX
  RAML6                 0000e000   00002000  00000000  00002000  RWIX
  RAML7                 00010000   00002000  00000000  00002000  RWIX
  RAML8                 00012000   00002000  00000000  00002000  RWIX
  USB_RAM               00040000   00000800  00000000  00000800  RWIX
  PARTID                003d7e80   00000001  00000001  00000000  RWIX
  CSM_PWL               003f7ff8   00000008  00000008  00000000  RWIX


SECTION ALLOCATION MAP

 output                                  attributes/
section   page    origin      length       input sections
--------  ----  ----------  ----------   ----------------
codestart 
*          0    00000000    00000002     
                  00000000    00000002     F2806x_CodeStartBranch.obj (codestart)

.cinit     0    00000050    000000f9     
                  00000050    00000072     MPU6050.obj (.cinit)
                  000000c2    00000069     main.obj (.cinit)
                  0000012b    0000000e     rts2800_fpu32.lib : exit.obj (.cinit)
                  00000139    00000005                       : _lock.obj (.cinit:__lock)
                  0000013e    00000005                       : _lock.obj (.cinit:__unlock)
                  00000143    00000004     Key.obj (.cinit)
                  00000147    00000002     --HOLE-- [fill = 0]

ramfuncs   0    00000149    00000004     
                  00000149    00000004     F2806x_usDelay.obj (ramfuncs)

.text      0    00008000    000014cb     
                  00008000    000003a7     F2806x_DefaultIsr.obj (.text:retain)
                  000083a7    00000269     MPU6050.obj (.text)
                  00008610    0000023a     F2806x_Adc.obj (.text)
                  0000884a    000001db     main.obj (.text)
                  00008a25    0000018c     F2806x_SysCtrl.obj (.text)
                  00008bb1    0000015a     Adc.obj (.text)
                  00008d0b    0000013f     IIC.obj (.text)
                  00008e4a    000000d8     F2806x_EPwm.obj (.text)
                  00008f22    000000d4     rts2800_fpu32.lib : e_atan2f.obj (.text)
                  00008ff6    000000c9                       : s_atanf.obj (.text)
                  000090bf    00000088                       : fs_div.obj (.text)
                  00009147    00000086     main.obj (.text:retain)
                  000091cd    0000007a     F2806x_CpuTimers.obj (.text)
                  00009247    00000068     EPwm.obj (.text)
                  000092af    0000005c     QEP.obj (.text)
                  0000930b    00000056     rts2800_fpu32.lib : boot.obj (.text)
                  00009361    00000046                       : cpy_tbl.obj (.text)
                  000093a7    00000034     F2806x_EQep.obj (.text)
                  000093db    00000029     rts2800_fpu32.lib : exit.obj (.text)
                  00009404    00000028     F2806x_PieCtrl.obj (.text)
                  0000942c    00000028     Key.obj (.text)
                  00009454    00000026     F2806x_PieVect.obj (.text)
                  0000947a    0000001a     rts2800_fpu32.lib : cpy_utils.obj (.text)
                  00009494    00000019                       : args_main.obj (.text)
                  000094ad    00000009                       : _lock.obj (.text)
                  000094b6    00000008     F2806x_CodeStartBranch.obj (.text)
                  000094be    00000007     F2806x_DisInt.obj (.text)
                  000094c5    00000003     F2806x_DBGIER.obj (.text)
                  000094c8    00000002     rts2800_fpu32.lib : pre_init.obj (.text)
                  000094ca    00000001                       : startup.obj (.text)

.pinit     0    00000050    00000000     UNINITIALIZED

.reset     0    003fffc0    00000002     DSECT
                  003fffc0    00000002     rts2800_fpu32.lib : boot.obj (.reset)

.stack     1    00000400    00000300     UNINITIALIZED
                  00000400    00000300     --HOLE--

.ebss      1    0000a000    0000013f     UNINITIALIZED
                  0000a000    000000c0     main.obj (.ebss)
                  0000a0c0    00000056     MPU6050.obj (.ebss)
                  0000a116    00000018     F2806x_CpuTimers.obj (.ebss)
                  0000a12e    00000006     Adc.obj (.ebss)
                  0000a134    00000006     rts2800_fpu32.lib : exit.obj (.ebss)
                  0000a13a    00000002                       : _lock.obj (.ebss:__lock)
                  0000a13c    00000002                       : _lock.obj (.ebss:__unlock)
                  0000a13e    00000001     Key.obj (.ebss)

.econst    1    0000a140    0000012a     
                  0000a140    00000100     F2806x_PieVect.obj (.econst:_PieVectTableInit)
                  0000a240    0000000c     rts2800_fpu32.lib : e_atan2f.obj (.econst)
                  0000a24c    0000000a                       : s_atanf.obj (.econst:_aT)
                  0000a256    00000008                       : s_atanf.obj (.econst:_atanhi)
                  0000a25e    00000008                       : s_atanf.obj (.econst:_atanlo)
                  0000a266    00000004                       : s_atanf.obj (.econst)

DevEmuRegsFile 
*          1    00000880    00000004     UNINITIALIZED
                  00000880    00000004     F2806x_GlobalVariableDefs.obj (DevEmuRegsFile)

SysPwrCtrlRegsFile 
*          1    00000985    00000003     UNINITIALIZED
                  00000985    00000003     F2806x_GlobalVariableDefs.obj (SysPwrCtrlRegsFile)

FlashRegsFile 
*          1    00000a80    00000008     UNINITIALIZED
                  00000a80    00000008     F2806x_GlobalVariableDefs.obj (FlashRegsFile)

CsmRegsFile 
*          1    00000ae0    00000010     UNINITIALIZED
                  00000ae0    00000010     F2806x_GlobalVariableDefs.obj (CsmRegsFile)

AdcResultFile 
*          1    00000b00    00000010     UNINITIALIZED
                  00000b00    00000010     F2806x_GlobalVariableDefs.obj (AdcResultFile)

CpuTimer0RegsFile 
*          1    00000c00    00000008     UNINITIALIZED
                  00000c00    00000008     F2806x_GlobalVariableDefs.obj (CpuTimer0RegsFile)

CpuTimer1RegsFile 
*          1    00000c08    00000008     UNINITIALIZED
                  00000c08    00000008     F2806x_GlobalVariableDefs.obj (CpuTimer1RegsFile)

CpuTimer2RegsFile 
*          1    00000c10    00000008     UNINITIALIZED
                  00000c10    00000008     F2806x_GlobalVariableDefs.obj (CpuTimer2RegsFile)

PieCtrlRegsFile 
*          1    00000ce0    0000001a     UNINITIALIZED
                  00000ce0    0000001a     F2806x_GlobalVariableDefs.obj (PieCtrlRegsFile)

PieVectTableFile 
*          1    00000d00    00000100     UNINITIALIZED
                  00000d00    00000100     F2806x_GlobalVariableDefs.obj (PieVectTableFile)

EmuKeyVar 
*          1    00000d00    00000001     UNINITIALIZED
                  00000d00    00000001     F2806x_GlobalVariableDefs.obj (EmuKeyVar)

EmuBModeVar 
*          1    00000d01    00000001     UNINITIALIZED
                  00000d01    00000001     F2806x_GlobalVariableDefs.obj (EmuBModeVar)

FlashCallbackVar 
*          1    00000d02    00000002     UNINITIALIZED
                  00000d02    00000002     F2806x_GlobalVariableDefs.obj (FlashCallbackVar)

FlashScalingVar 
*          1    00000d04    00000002     UNINITIALIZED
                  00000d04    00000002     F2806x_GlobalVariableDefs.obj (FlashScalingVar)

DmaRegsFile 
*          1    00001000    000000e0     UNINITIALIZED
                  00001000    000000e0     F2806x_GlobalVariableDefs.obj (DmaRegsFile)

Cla1RegsFile 
*          1    00001400    00000040     UNINITIALIZED
                  00001400    00000040     F2806x_GlobalVariableDefs.obj (Cla1RegsFile)

Usb0RegsFile 
*          1    00004000    00000454     UNINITIALIZED
                  00004000    00000454     F2806x_GlobalVariableDefs.obj (Usb0RegsFile)

McbspaRegsFile 
*          1    00005000    00000024     UNINITIALIZED
                  00005000    00000024     F2806x_GlobalVariableDefs.obj (McbspaRegsFile)

ECanaRegsFile 
*          1    00006000    00000034     UNINITIALIZED
                  00006000    00000034     F2806x_GlobalVariableDefs.obj (ECanaRegsFile)

ECanaLAMRegsFile 
*          1    00006040    00000040     UNINITIALIZED
                  00006040    00000040     F2806x_GlobalVariableDefs.obj (ECanaLAMRegsFile)

ECanaMOTSRegsFile 
*          1    00006080    00000040     UNINITIALIZED
                  00006080    00000040     F2806x_GlobalVariableDefs.obj (ECanaMOTSRegsFile)

ECanaMOTORegsFile 
*          1    000060c0    00000040     UNINITIALIZED
                  000060c0    00000040     F2806x_GlobalVariableDefs.obj (ECanaMOTORegsFile)

ECanaMboxesFile 
*          1    00006100    00000100     UNINITIALIZED
                  00006100    00000100     F2806x_GlobalVariableDefs.obj (ECanaMboxesFile)

Comp1RegsFile 
*          1    00006400    00000014     UNINITIALIZED
                  00006400    00000014     F2806x_GlobalVariableDefs.obj (Comp1RegsFile)

Comp2RegsFile 
*          1    00006420    00000014     UNINITIALIZED
                  00006420    00000014     F2806x_GlobalVariableDefs.obj (Comp2RegsFile)

Comp3RegsFile 
*          1    00006440    00000014     UNINITIALIZED
                  00006440    00000014     F2806x_GlobalVariableDefs.obj (Comp3RegsFile)

EPwm1RegsFile 
*          1    00006800    00000040     UNINITIALIZED
                  00006800    00000040     F2806x_GlobalVariableDefs.obj (EPwm1RegsFile)

EPwm2RegsFile 
*          1    00006840    00000040     UNINITIALIZED
                  00006840    00000040     F2806x_GlobalVariableDefs.obj (EPwm2RegsFile)

EPwm3RegsFile 
*          1    00006880    00000040     UNINITIALIZED
                  00006880    00000040     F2806x_GlobalVariableDefs.obj (EPwm3RegsFile)

EPwm4RegsFile 
*          1    000068c0    00000040     UNINITIALIZED
                  000068c0    00000040     F2806x_GlobalVariableDefs.obj (EPwm4RegsFile)

EPwm5RegsFile 
*          1    00006900    00000040     UNINITIALIZED
                  00006900    00000040     F2806x_GlobalVariableDefs.obj (EPwm5RegsFile)

EPwm6RegsFile 
*          1    00006940    00000040     UNINITIALIZED
                  00006940    00000040     F2806x_GlobalVariableDefs.obj (EPwm6RegsFile)

EPwm7RegsFile 
*          1    00006980    00000040     UNINITIALIZED
                  00006980    00000040     F2806x_GlobalVariableDefs.obj (EPwm7RegsFile)

EPwm8RegsFile 
*          1    000069c0    00000040     UNINITIALIZED
                  000069c0    00000040     F2806x_GlobalVariableDefs.obj (EPwm8RegsFile)

ECap1RegsFile 
*          1    00006a00    00000020     UNINITIALIZED
                  00006a00    00000020     F2806x_GlobalVariableDefs.obj (ECap1RegsFile)

ECap2RegsFile 
*          1    00006a20    00000020     UNINITIALIZED
                  00006a20    00000020     F2806x_GlobalVariableDefs.obj (ECap2RegsFile)

ECap3RegsFile 
*          1    00006a40    00000020     UNINITIALIZED
                  00006a40    00000020     F2806x_GlobalVariableDefs.obj (ECap3RegsFile)

HRCap1RegsFile 
*          1    00006ac0    00000020     UNINITIALIZED
                  00006ac0    00000020     F2806x_GlobalVariableDefs.obj (HRCap1RegsFile)

HRCap2RegsFile 
*          1    00006ae0    00000020     UNINITIALIZED
                  00006ae0    00000020     F2806x_GlobalVariableDefs.obj (HRCap2RegsFile)

EQep1RegsFile 
*          1    00006b00    00000022     UNINITIALIZED
                  00006b00    00000022     F2806x_GlobalVariableDefs.obj (EQep1RegsFile)

EQep2RegsFile 
*          1    00006b40    00000022     UNINITIALIZED
                  00006b40    00000022     F2806x_GlobalVariableDefs.obj (EQep2RegsFile)

HRCap3RegsFile 
*          1    00006c80    00000020     UNINITIALIZED
                  00006c80    00000020     F2806x_GlobalVariableDefs.obj (HRCap3RegsFile)

HRCap4RegsFile 
*          1    00006ca0    00000020     UNINITIALIZED
                  00006ca0    00000020     F2806x_GlobalVariableDefs.obj (HRCap4RegsFile)

GpioCtrlRegsFile 
*          1    00006f80    00000040     UNINITIALIZED
                  00006f80    00000040     F2806x_GlobalVariableDefs.obj (GpioCtrlRegsFile)

GpioDataRegsFile 
*          1    00006fc0    00000020     UNINITIALIZED
                  00006fc0    00000020     F2806x_GlobalVariableDefs.obj (GpioDataRegsFile)

GpioIntRegsFile 
*          1    00006fe0    00000020     UNINITIALIZED
                  00006fe0    00000020     F2806x_GlobalVariableDefs.obj (GpioIntRegsFile)

SysCtrlRegsFile 
*          1    00007010    00000030     UNINITIALIZED
                  00007010    00000030     F2806x_GlobalVariableDefs.obj (SysCtrlRegsFile)

SpiaRegsFile 
*          1    00007040    00000010     UNINITIALIZED
                  00007040    00000010     F2806x_GlobalVariableDefs.obj (SpiaRegsFile)

SciaRegsFile 
*          1    00007050    00000010     UNINITIALIZED
                  00007050    00000010     F2806x_GlobalVariableDefs.obj (SciaRegsFile)

NmiIntruptRegsFile 
*          1    00007060    00000010     UNINITIALIZED
                  00007060    00000010     F2806x_GlobalVariableDefs.obj (NmiIntruptRegsFile)

XIntruptRegsFile 
*          1    00007070    00000010     UNINITIALIZED
                  00007070    00000010     F2806x_GlobalVariableDefs.obj (XIntruptRegsFile)

AdcRegsFile 
*          1    00007100    00000050     UNINITIALIZED
                  00007100    00000050     F2806x_GlobalVariableDefs.obj (AdcRegsFile)

SpibRegsFile 
*          1    00007740    00000010     UNINITIALIZED
                  00007740    00000010     F2806x_GlobalVariableDefs.obj (SpibRegsFile)

ScibRegsFile 
*          1    00007750    00000010     UNINITIALIZED
                  00007750    00000010     F2806x_GlobalVariableDefs.obj (ScibRegsFile)

I2caRegsFile 
*          1    00007900    00000022     UNINITIALIZED
                  00007900    00000022     F2806x_GlobalVariableDefs.obj (I2caRegsFile)

PartIdRegsFile 
*          1    003d7e80    00000001     UNINITIALIZED
                  003d7e80    00000001     F2806x_GlobalVariableDefs.obj (PartIdRegsFile)

CsmPwlFile 
*          1    003f7ff8    00000008     UNINITIALIZED
                  003f7ff8    00000008     F2806x_GlobalVariableDefs.obj (CsmPwlFile)

MODULE SUMMARY

       Module                          code   ro data   rw data
       ------                          ----   -------   -------
    .\
       main.obj                        609    0         297    
    +--+-------------------------------+------+---------+---------+
       Total:                          609    0         297    
                                                               
    .\hardware\
       MPU6050.obj                     617    0         200    
       Adc.obj                         346    0         6      
       IIC.obj                         319    0         0      
       EPwm.obj                        104    0         0      
       QEP.obj                         92     0         0      
       Key.obj                         40     0         5      
    +--+-------------------------------+------+---------+---------+
       Total:                          1518   0         211    
                                                               
    .\source\
       F2806x_GlobalVariableDefs.obj   0      0         3550   
       F2806x_DefaultIsr.obj           935    0         0      
       F2806x_Adc.obj                  570    0         0      
       F2806x_SysCtrl.obj              396    0         0      
       F2806x_PieVect.obj              38     0         256    
       F2806x_EPwm.obj                 216    0         0      
       F2806x_CpuTimers.obj            122    0         24     
       F2806x_EQep.obj                 52     0         0      
       F2806x_PieCtrl.obj              40     0         0      
       F2806x_CodeStartBranch.obj      10     0         0      
       F2806x_DisInt.obj               7      0         0      
       F2806x_usDelay.obj              4      0         0      
       F2806x_DBGIER.obj               3      0         0      
    +--+-------------------------------+------+---------+---------+
       Total:                          2393   0         3830   
                                                               
    C:\ti\ccsv6\tools\compiler\c2000_15.12.3.LTS\lib\rts2800_fpu32.lib
       s_atanf.obj                     201    0         30     
       e_atan2f.obj                    212    0         12     
       fs_div.obj                      136    0         0      
       boot.obj                        86     0         0      
       cpy_tbl.obj                     70     0         0      
       exit.obj                        41     0         20     
       cpy_utils.obj                   26     0         0      
       args_main.obj                   25     0         0      
       _lock.obj                       9      0         14     
       pre_init.obj                    2      0         0      
       startup.obj                     1      0         0      
    +--+-------------------------------+------+---------+---------+
       Total:                          809    0         76     
                                                               
       Stack:                          0      0         768    
    +--+-------------------------------+------+---------+---------+
       Grand Total:                    5329   0         5182   


GLOBAL DATA SYMBOLS: SORTED BY DATA PAGE

address     data page           name
--------    ----------------    ----
00000400      10 (00000400)     __stack

00000880      22 (00000880)     _DevEmuRegs

00000985      26 (00000980)     _SysPwrCtrlRegs

00000a80      2a (00000a80)     _FlashRegs

00000ae0      2b (00000ac0)     _CsmRegs

00000b00      2c (00000b00)     _AdcResult

00000c00      30 (00000c00)     _CpuTimer0Regs
00000c08      30 (00000c00)     _CpuTimer1Regs
00000c10      30 (00000c00)     _CpuTimer2Regs

00000ce0      33 (00000cc0)     _PieCtrlRegs

00000d00      34 (00000d00)     _EmuKey
00000d00      34 (00000d00)     _PieVectTable
00000d01      34 (00000d00)     _EmuBMode
00000d02      34 (00000d00)     _Flash_CallbackPtr
00000d04      34 (00000d00)     _Flash_CPUScaleFactor

00001000      40 (00001000)     _DmaRegs

00001400      50 (00001400)     _Cla1Regs

00004000     100 (00004000)     _Usb0Regs

00005000     140 (00005000)     _McbspaRegs

00006000     180 (00006000)     _ECanaRegs

00006040     181 (00006040)     _ECanaLAMRegs

00006080     182 (00006080)     _ECanaMOTSRegs

000060c0     183 (000060c0)     _ECanaMOTORegs

00006100     184 (00006100)     _ECanaMboxes

00006400     190 (00006400)     _Comp1Regs
00006420     190 (00006400)     _Comp2Regs

00006440     191 (00006440)     _Comp3Regs

00006800     1a0 (00006800)     _EPwm1Regs

00006840     1a1 (00006840)     _EPwm2Regs

00006880     1a2 (00006880)     _EPwm3Regs

000068c0     1a3 (000068c0)     _EPwm4Regs

00006900     1a4 (00006900)     _EPwm5Regs

00006940     1a5 (00006940)     _EPwm6Regs

00006980     1a6 (00006980)     _EPwm7Regs

000069c0     1a7 (000069c0)     _EPwm8Regs

00006a00     1a8 (00006a00)     _ECap1Regs
00006a20     1a8 (00006a00)     _ECap2Regs

00006a40     1a9 (00006a40)     _ECap3Regs

00006ac0     1ab (00006ac0)     _HRCap1Regs
00006ae0     1ab (00006ac0)     _HRCap2Regs

00006b00     1ac (00006b00)     _EQep1Regs

00006b40     1ad (00006b40)     _EQep2Regs

00006c80     1b2 (00006c80)     _HRCap3Regs
00006ca0     1b2 (00006c80)     _HRCap4Regs

00006f80     1be (00006f80)     _GpioCtrlRegs

00006fc0     1bf (00006fc0)     _GpioDataRegs
00006fe0     1bf (00006fc0)     _GpioIntRegs

00007010     1c0 (00007000)     _SysCtrlRegs

00007040     1c1 (00007040)     _SpiaRegs
00007050     1c1 (00007040)     _SciaRegs
00007060     1c1 (00007040)     _NmiIntruptRegs
00007070     1c1 (00007040)     _XIntruptRegs

00007100     1c4 (00007100)     _AdcRegs

00007740     1dd (00007740)     _SpibRegs
00007750     1dd (00007740)     _ScibRegs

00007900     1e4 (00007900)     _I2caRegs

0000a000     280 (0000a000)     _Encoder_Right
0000a001     280 (0000a000)     _Velocity_Pwm
0000a002     280 (0000a000)     _Balance_Pwm
0000a003     280 (0000a000)     _Turn_Pwm
0000a004     280 (0000a000)     _Moto2
0000a005     280 (0000a000)     _Moto1
0000a006     280 (0000a000)     _Encoder_Left
0000a00b     280 (0000a000)     _CCD_Yuzhi
0000a00c     280 (0000a000)     _CCD_Z
0000a00d     280 (0000a000)     _Flag_Stop
0000a00e     280 (0000a000)     _ZZ
0000a014     280 (0000a000)     _Angle_Balance
0000a01e     280 (0000a000)     _Gyro_Turn
0000a020     280 (0000a000)     _Gyro_Balance

0000a040     281 (0000a040)     _ADV

0000a0c0     283 (0000a0c0)     _i
0000a0c1     283 (0000a0c0)     _GYRO_OFFSET_OK
0000a0c2     283 (0000a0c0)     _Temperature
0000a0c3     283 (0000a0c0)     _C_0
0000a0c4     283 (0000a0c0)     _ACC_OFFSET_OK
0000a0c6     283 (0000a0c0)     _Q_bias
0000a0c8     283 (0000a0c0)     _Angle_err
0000a0ca     283 (0000a0c0)     _R_angle
0000a0cc     283 (0000a0c0)     _Q_gyro
0000a0ce     283 (0000a0c0)     _dt
0000a0d0     283 (0000a0c0)     _K_1
0000a0d2     283 (0000a0c0)     _K_0
0000a0d4     283 (0000a0c0)     _t_1
0000a0d6     283 (0000a0c0)     _PCt_1
0000a0d8     283 (0000a0c0)     _PCt_0
0000a0da     283 (0000a0c0)     _t_0
0000a0dc     283 (0000a0c0)     _K1
0000a0de     283 (0000a0c0)     _Q_angle
0000a0e0     283 (0000a0c0)     _angle_dot
0000a0e2     283 (0000a0c0)     _angle
0000a0e4     283 (0000a0c0)     _E
0000a0e6     283 (0000a0c0)     _GYRO_OFFSET
0000a0e9     283 (0000a0c0)     _MPU6050_GYRO_LAST
0000a0ec     283 (0000a0c0)     _MPU6050_ACC_LAST
0000a0ef     283 (0000a0c0)     _ACC_OFFSET
0000a0f2     283 (0000a0c0)     _PP

0000a100     284 (0000a100)     _Pdot
0000a108     284 (0000a100)     _mpu6050_buffer
0000a116     284 (0000a100)     _CpuTimer1
0000a11e     284 (0000a100)     _CpuTimer2
0000a126     284 (0000a100)     _CpuTimer0
0000a134     284 (0000a100)     ___TI_enable_exit_profile_output
0000a136     284 (0000a100)     ___TI_cleanup_ptr
0000a138     284 (0000a100)     ___TI_dtors_ptr
0000a13a     284 (0000a100)     __lock
0000a13c     284 (0000a100)     __unlock

0000a140     285 (0000a140)     _PieVectTableInit

003d7e80    f5fa (003d7e80)     _PartIdRegs

003f7ff8    fdff (003f7fc0)     _CsmPwl


GLOBAL SYMBOLS: SORTED ALPHABETICALLY BY Name 

page  address   name                            
----  -------   ----                            
0     00008000  .text                           
0     000093db  C$$EXIT                         
0     000090bf  FS$$DIV                         
1     0000a0ef  _ACC_OFFSET                     
1     0000a0c4  _ACC_OFFSET_OK                  
0     000080be  _ADCINT1_ISR                    
0     000080c8  _ADCINT2_ISR                    
0     000082dc  _ADCINT3_ISR                    
0     000082e6  _ADCINT4_ISR                    
0     000082f0  _ADCINT5_ISR                    
0     000082fa  _ADCINT6_ISR                    
0     00008304  _ADCINT7_ISR                    
0     0000830e  _ADCINT8_ISR                    
0     000080f2  _ADCINT9_ISR                    
1     0000a040  _ADV                            
0     00008684  _AdcChanSelect                  
0     000086f9  _AdcConversion                  
0     0000865d  _AdcOffsetSelfCal               
1     00007100  _AdcRegs                        
1     00000b00  _AdcResult                      
1     0000a014  _Angle_Balance                  
1     0000a0c8  _Angle_err                      
1     0000a002  _Balance_Pwm                    
0     00008bed  _CCD_Start                      
1     0000a00b  _CCD_Yuzhi                      
1     0000a00c  _CCD_Z                          
0     00008318  _CLA1_INT1_ISR                  
0     00008322  _CLA1_INT2_ISR                  
0     0000832c  _CLA1_INT3_ISR                  
0     00008336  _CLA1_INT4_ISR                  
0     00008340  _CLA1_INT5_ISR                  
0     0000834a  _CLA1_INT6_ISR                  
0     00008354  _CLA1_INT7_ISR                  
0     0000835e  _CLA1_INT8_ISR                  
1     0000a0c3  _C_0                            
1     00001400  _Cla1Regs                       
1     00006400  _Comp1Regs                      
1     00006420  _Comp2Regs                      
1     00006440  _Comp3Regs                      
0     00009208  _ConfigCpuTimer                 
1     0000a126  _CpuTimer0                      
1     00000c00  _CpuTimer0Regs                  
1     0000a116  _CpuTimer1                      
1     00000c08  _CpuTimer1Regs                  
1     0000a11e  _CpuTimer2                      
1     00000c10  _CpuTimer2Regs                  
1     003f7ff8  _CsmPwl                         
1     00000ae0  _CsmRegs                        
0     00008b2a  _CsmUnlock                      
0     00008014  _DATALOG_ISR                    
0     00008250  _DINTCH1_ISR                    
0     0000825a  _DINTCH2_ISR                    
0     00008264  _DINTCH3_ISR                    
0     0000826e  _DINTCH4_ISR                    
0     00008278  _DINTCH5_ISR                    
0     00008282  _DINTCH6_ISR                    
0     000094be  _DSP28x_DisableInt              
0     000094c2  _DSP28x_RestoreInt              
0     00000149  _DSP28x_usDelay                 
1     00000880  _DevEmuRegs                     
0     00008a49  _DisableDog                     
0     00008be2  _Dly_us                         
1     00001000  _DmaRegs                        
1     0000a0e4  _E                              
0     000082c8  _ECAN0INTA_ISR                  
0     000082d2  _ECAN1INTA_ISR                  
0     000081b0  _ECAP1_INT_ISR                  
0     000081ba  _ECAP2_INT_ISR                  
0     000081c4  _ECAP3_INT_ISR                  
1     00006040  _ECanaLAMRegs                   
1     000060c0  _ECanaMOTORegs                  
1     00006080  _ECanaMOTSRegs                  
1     00006100  _ECanaMboxes                    
1     00006000  _ECanaRegs                      
1     00006a00  _ECap1Regs                      
1     00006a20  _ECap2Regs                      
1     00006a40  _ECap3Regs                      
0     00008386  _EMPTY_ISR                      
0     00008028  _EMUINT_ISR                     
0     00008160  _EPWM1_INT_ISR                  
0     00008110  _EPWM1_TZINT_ISR                
0     0000816a  _EPWM2_INT_ISR                  
0     0000811a  _EPWM2_TZINT_ISR                
0     00008174  _EPWM3_INT_ISR                  
0     00008124  _EPWM3_TZINT_ISR                
0     0000817e  _EPWM4_INT_ISR                  
0     0000812e  _EPWM4_TZINT_ISR                
0     00008188  _EPWM5_INT_ISR                  
0     00008138  _EPWM5_TZINT_ISR                
0     00008192  _EPWM6_INT_ISR                  
0     00008142  _EPWM6_TZINT_ISR                
0     0000819c  _EPWM7_INT_ISR                  
0     0000814c  _EPWM7_TZINT_ISR                
0     000081a6  _EPWM8_INT_ISR                  
0     00008156  _EPWM8_TZINT_ISR                
1     00006800  _EPwm1Regs                      
1     00006840  _EPwm2Regs                      
1     00006880  _EPwm3Regs                      
1     000068c0  _EPwm4Regs                      
1     00006900  _EPwm5Regs                      
1     00006940  _EPwm6Regs                      
1     00006980  _EPwm7Regs                      
1     000069c0  _EPwm8Regs                      
0     000081e2  _EQEP1_INT_ISR                  
0     000081ec  _EQEP2_INT_ISR                  
1     00006b00  _EQep1Regs                      
1     00006b40  _EQep2Regs                      
1     00000d01  _EmuBMode                       
1     00000d00  _EmuKey                         
0     00009423  _EnableInterrupts               
1     0000a006  _Encoder_Left                   
1     0000a000  _Encoder_Right                  
0     00008b9b  _ExtOscSel                      
0     00008c78  _Find_CCD_Zhongzhi              
1     0000a00d  _Flag_Stop                      
1     00000a80  _FlashRegs                      
1     00000d04  _Flash_CPUScaleFactor           
1     00000d02  _Flash_CallbackPtr              
1     0000a0e6  _GYRO_OFFSET                    
1     0000a0c1  _GYRO_OFFSET_OK                 
0     0000857b  _Get_Angle                      
1     00006f80  _GpioCtrlRegs                   
1     00006fc0  _GpioDataRegs                   
1     00006fe0  _GpioIntRegs                    
1     0000a020  _Gyro_Balance                   
1     0000a01e  _Gyro_Turn                      
0     000081ce  _HRCAP1_INT_ISR                 
0     000081d8  _HRCAP2_INT_ISR                 
0     000081f6  _HRCAP3_INT_ISR                 
0     00008200  _HRCAP4_INT_ISR                 
1     00006ac0  _HRCap1Regs                     
1     00006ae0  _HRCap2Regs                     
1     00006c80  _HRCap3Regs                     
1     00006ca0  _HRCap4Regs                     
0     0000828c  _I2CINT1A_ISR                   
0     00008296  _I2CINT2A_ISR                   
0     00008d37  _I2C_rrdy                       
0     00008d2e  _I2C_xrdy                       
1     00007900  _I2caRegs                       
0     00008dd4  _IICwriteBit                    
0     00008e05  _IICwriteBits                   
0     0000803c  _ILLEGAL_ISR                    
0     00008000  _INT13_ISR                      
0     0000800a  _INT14_ISR                      
0     00008610  _InitAdc                        
0     0000863b  _InitAdcAio                     
0     00008bb1  _InitCCDGPIO                    
0     000091cd  _InitCpuTimers                  
0     00008e4a  _InitEPwm                       
0     00008e5c  _InitEPwm1Gpio                  
0     00008e6e  _InitEPwm2Gpio                  
0     00008e80  _InitEPwm3Gpio                  
0     00008e94  _InitEPwm4Gpio                  
0     00008ea8  _InitEPwm5Gpio                  
0     00008eba  _InitEPwm6Gpio                  
0     00008ecc  _InitEPwm7Gpio                  
0     00008ede  _InitEPwm8Gpio                  
0     00008e4b  _InitEPwmGpio                   
0     00008ef0  _InitEPwmSyncGpio               
0     000093a7  _InitEQep                       
0     000093ad  _InitEQep1Gpio                  
0     000093c5  _InitEQep2Gpio                  
0     000093a8  _InitEQepGpio                   
0     000089dd  _InitLEDGPIO                    
0     00009247  _InitPWM1                       
0     0000927b  _InitPWM2                       
0     00008ad4  _InitPeripheralClocks           
0     00009404  _InitPieCtrl                    
0     00009454  _InitPieVectTable               
0     00008a51  _InitPll                        
0     00008aa6  _InitPll2                       
0     00008a25  _InitSysCtrl                    
0     00008f01  _InitTzGpio                     
0     00008bbf  _Init_Adc_CCD                   
0     00008d0b  _Init_I2CA                      
0     0000942c  _Init_KEY_GPIO                  
0     00008b5b  _IntOsc1Sel                     
0     00008b6b  _IntOsc2Sel                     
1     0000a0dc  _K1                             
1     0000a0d2  _K_0                            
1     0000a0d0  _K_1                            
0     00008432  _Kalman_Filter                  
0     000089f2  _Key                            
0     000089eb  _LEDOverTurn                    
0     0000837c  _LUF_ISR                        
0     00008372  _LVF_ISR                        
1     0000a0ec  _MPU6050_ACC_LAST               
1     0000a0e9  _MPU6050_GYRO_LAST              
0     000083f9  _MPU6050_Init                   
0     000083a7  _MPU6050_Read                   
0     000083b9  _MPU6050_setClockSource         
0     000083da  _MPU6050_setDLPF                
0     000083cf  _MPU6050_setFullScaleAccelRange 
0     000083c4  _MPU6050_setFullScaleGyroRange  
0     000083ef  _MPU6050_setI2CBypassEnabled    
0     000083e5  _MPU6050_setI2CMasterModeEnabled
0     000083af  _MPU6050_setSleepEnabled        
0     0000823c  _MRINTA_ISR                     
0     00008246  _MXINTA_ISR                     
1     00005000  _McbspaRegs                     
1     0000a005  _Moto1                          
1     0000a004  _Moto2                          
0     00008032  _NMI_ISR                        
1     00007060  _NmiIntruptRegs                 
1     0000a0d8  _PCt_0                          
1     0000a0d6  _PCt_1                          
0     00008393  _PIE_RESERVED                   
0     000092af  _POSSPEED_Init                  
1     0000a0f2  _PP                             
1     003d7e80  _PartIdRegs                     
1     0000a100  _Pdot                           
1     00000ce0  _PieCtrlRegs                    
1     00000d00  _PieVectTable                   
1     0000a140  _PieVectTableInit               
1     0000a0de  _Q_angle                        
1     0000a0c6  _Q_bias                         
1     0000a0cc  _Q_gyro                         
0     0000801e  _RTOSINT_ISR                    
1     0000a0ca  _R_angle                        
0     00008d7a  _ReadData                       
0     00008c21  _Read_CCD                       
0     000092f0  _Read_Encoder                   
0     000082a0  _SCIRXINTA_ISR                  
0     000082b4  _SCIRXINTB_ISR                  
0     000082aa  _SCITXINTA_ISR                  
0     000082be  _SCITXINTB_ISR                  
0     00008214  _SPIRXINTA_ISR                  
0     00008228  _SPIRXINTB_ISR                  
0     0000821e  _SPITXINTA_ISR                  
0     00008232  _SPITXINTB_ISR                  
1     00007050  _SciaRegs                       
1     00007750  _ScibRegs                       
0     00008a3f  _ServiceDog                     
0     000094c5  _SetDBGIER                      
0     00008980  _Set_Pwm                        
1     00007040  _SpiaRegs                       
1     00007740  _SpibRegs                       
1     00007010  _SysCtrlRegs                    
1     00000985  _SysPwrCtrlRegs                 
0     00009147  _TIMER0_ISR                     
0     000080fc  _TINT0_ISR                      
1     0000a0c2  _Temperature                    
0     00008a06  _Turn_Off                       
1     0000a003  _Turn_Pwm                       
0     0000820a  _USB0_INT_ISR                   
0     000080a0  _USER10_ISR                     
0     000080aa  _USER11_ISR                     
0     000080b4  _USER12_ISR                     
0     00008046  _USER1_ISR                      
0     00008050  _USER2_ISR                      
0     0000805a  _USER3_ISR                      
0     00008064  _USER4_ISR                      
0     0000806e  _USER5_ISR                      
0     00008078  _USER6_ISR                      
0     00008082  _USER7_ISR                      
0     0000808c  _USER8_ISR                      
0     00008096  _USER9_ISR                      
1     00004000  _Usb0Regs                       
1     0000a001  _Velocity_Pwm                   
0     00008106  _WAKEINT_ISR                    
0     00008d40  _WriteData                      
0     000080d2  _XINT1_ISR                      
0     000080e8  _XINT2_ISR                      
0     00008368  _XINT3_ISR                      
1     00007070  _XIntruptRegs                   
0     000089b7  _Xianfu_Pwm                     
0     00008b7f  _XtalOscSel                     
0     00008550  _Yijielvbo                      
1     0000a00e  _ZZ                             
1     00000700  __STACK_END                     
abs   00000300  __STACK_SIZE                    
1     0000a136  ___TI_cleanup_ptr               
1     0000a138  ___TI_dtors_ptr                 
1     0000a134  ___TI_enable_exit_profile_output
abs   ffffffff  ___TI_pprof_out_hndl            
abs   ffffffff  ___TI_prof_data_size            
abs   ffffffff  ___TI_prof_data_start           
abs   ffffffff  ___binit__                      
abs   ffffffff  ___c_args__                     
0     00000050  ___cinit__                      
0     000094cb  ___etext__                      
abs   ffffffff  ___pinit__                      
0     00008000  ___text__                       
0     00009494  __args_main                     
1     0000a13a  __lock                          
0     000094b5  __nop                           
0     000094b1  __register_lock                 
0     000094ad  __register_unlock               
1     00000400  __stack                         
0     000094ca  __system_post_cinit             
0     000094c8  __system_pre_init               
1     0000a13c  __unlock                        
0     000093db  _abort                          
1     0000a0e2  _angle                          
1     0000a0e0  _angle_dot                      
0     00008ff6  _atan                           
0     00008f22  _atan2                          
0     00008f22  _atan2f                         
0     00008ff6  _atanf                          
0     0000889a  _balance                        
0     0000930b  _c_int00                        
0     0000943a  _click                          
0     00009361  _copy_in                        
0     0000947a  _ddcopy                         
0     0000947a  _dpcopy                         
1     0000a0ce  _dt                             
0     000093dd  _exit                           
1     0000a0c0  _i                              
0     0000884a  _main                           
1     0000a108  _mpu6050_buffer                 
0     000089d3  _myabs                          
0     0000947a  _pdcopy                         
0     0000947a  _ppcopy                         
0     0000839d  _rsvd_ISR                       
1     0000a0da  _t_0                            
1     0000a0d4  _t_1                            
0     00008959  _turn_CCD                       
0     000088c5  _velocity                       
abs   ffffffff  binit                           
0     00000050  cinit                           
0     00000000  code_start                      
0     000094cb  etext                           
abs   ffffffff  pinit                           


GLOBAL SYMBOLS: SORTED BY Symbol Address 

page  address   name                            
----  -------   ----                            
0     00000000  code_start                      
0     00000050  ___cinit__                      
0     00000050  cinit                           
0     00000149  _DSP28x_usDelay                 
0     00008000  .text                           
0     00008000  _INT13_ISR                      
0     00008000  ___text__                       
0     0000800a  _INT14_ISR                      
0     00008014  _DATALOG_ISR                    
0     0000801e  _RTOSINT_ISR                    
0     00008028  _EMUINT_ISR                     
0     00008032  _NMI_ISR                        
0     0000803c  _ILLEGAL_ISR                    
0     00008046  _USER1_ISR                      
0     00008050  _USER2_ISR                      
0     0000805a  _USER3_ISR                      
0     00008064  _USER4_ISR                      
0     0000806e  _USER5_ISR                      
0     00008078  _USER6_ISR                      
0     00008082  _USER7_ISR                      
0     0000808c  _USER8_ISR                      
0     00008096  _USER9_ISR                      
0     000080a0  _USER10_ISR                     
0     000080aa  _USER11_ISR                     
0     000080b4  _USER12_ISR                     
0     000080be  _ADCINT1_ISR                    
0     000080c8  _ADCINT2_ISR                    
0     000080d2  _XINT1_ISR                      
0     000080e8  _XINT2_ISR                      
0     000080f2  _ADCINT9_ISR                    
0     000080fc  _TINT0_ISR                      
0     00008106  _WAKEINT_ISR                    
0     00008110  _EPWM1_TZINT_ISR                
0     0000811a  _EPWM2_TZINT_ISR                
0     00008124  _EPWM3_TZINT_ISR                
0     0000812e  _EPWM4_TZINT_ISR                
0     00008138  _EPWM5_TZINT_ISR                
0     00008142  _EPWM6_TZINT_ISR                
0     0000814c  _EPWM7_TZINT_ISR                
0     00008156  _EPWM8_TZINT_ISR                
0     00008160  _EPWM1_INT_ISR                  
0     0000816a  _EPWM2_INT_ISR                  
0     00008174  _EPWM3_INT_ISR                  
0     0000817e  _EPWM4_INT_ISR                  
0     00008188  _EPWM5_INT_ISR                  
0     00008192  _EPWM6_INT_ISR                  
0     0000819c  _EPWM7_INT_ISR                  
0     000081a6  _EPWM8_INT_ISR                  
0     000081b0  _ECAP1_INT_ISR                  
0     000081ba  _ECAP2_INT_ISR                  
0     000081c4  _ECAP3_INT_ISR                  
0     000081ce  _HRCAP1_INT_ISR                 
0     000081d8  _HRCAP2_INT_ISR                 
0     000081e2  _EQEP1_INT_ISR                  
0     000081ec  _EQEP2_INT_ISR                  
0     000081f6  _HRCAP3_INT_ISR                 
0     00008200  _HRCAP4_INT_ISR                 
0     0000820a  _USB0_INT_ISR                   
0     00008214  _SPIRXINTA_ISR                  
0     0000821e  _SPITXINTA_ISR                  
0     00008228  _SPIRXINTB_ISR                  
0     00008232  _SPITXINTB_ISR                  
0     0000823c  _MRINTA_ISR                     
0     00008246  _MXINTA_ISR                     
0     00008250  _DINTCH1_ISR                    
0     0000825a  _DINTCH2_ISR                    
0     00008264  _DINTCH3_ISR                    
0     0000826e  _DINTCH4_ISR                    
0     00008278  _DINTCH5_ISR                    
0     00008282  _DINTCH6_ISR                    
0     0000828c  _I2CINT1A_ISR                   
0     00008296  _I2CINT2A_ISR                   
0     000082a0  _SCIRXINTA_ISR                  
0     000082aa  _SCITXINTA_ISR                  
0     000082b4  _SCIRXINTB_ISR                  
0     000082be  _SCITXINTB_ISR                  
0     000082c8  _ECAN0INTA_ISR                  
0     000082d2  _ECAN1INTA_ISR                  
0     000082dc  _ADCINT3_ISR                    
0     000082e6  _ADCINT4_ISR                    
0     000082f0  _ADCINT5_ISR                    
0     000082fa  _ADCINT6_ISR                    
0     00008304  _ADCINT7_ISR                    
0     0000830e  _ADCINT8_ISR                    
0     00008318  _CLA1_INT1_ISR                  
0     00008322  _CLA1_INT2_ISR                  
0     0000832c  _CLA1_INT3_ISR                  
0     00008336  _CLA1_INT4_ISR                  
0     00008340  _CLA1_INT5_ISR                  
0     0000834a  _CLA1_INT6_ISR                  
0     00008354  _CLA1_INT7_ISR                  
0     0000835e  _CLA1_INT8_ISR                  
0     00008368  _XINT3_ISR                      
0     00008372  _LVF_ISR                        
0     0000837c  _LUF_ISR                        
0     00008386  _EMPTY_ISR                      
0     00008393  _PIE_RESERVED                   
0     0000839d  _rsvd_ISR                       
0     000083a7  _MPU6050_Read                   
0     000083af  _MPU6050_setSleepEnabled        
0     000083b9  _MPU6050_setClockSource         
0     000083c4  _MPU6050_setFullScaleGyroRange  
0     000083cf  _MPU6050_setFullScaleAccelRange 
0     000083da  _MPU6050_setDLPF                
0     000083e5  _MPU6050_setI2CMasterModeEnabled
0     000083ef  _MPU6050_setI2CBypassEnabled    
0     000083f9  _MPU6050_Init                   
0     00008432  _Kalman_Filter                  
0     00008550  _Yijielvbo                      
0     0000857b  _Get_Angle                      
0     00008610  _InitAdc                        
0     0000863b  _InitAdcAio                     
0     0000865d  _AdcOffsetSelfCal               
0     00008684  _AdcChanSelect                  
0     000086f9  _AdcConversion                  
0     0000884a  _main                           
0     0000889a  _balance                        
0     000088c5  _velocity                       
0     00008959  _turn_CCD                       
0     00008980  _Set_Pwm                        
0     000089b7  _Xianfu_Pwm                     
0     000089d3  _myabs                          
0     000089dd  _InitLEDGPIO                    
0     000089eb  _LEDOverTurn                    
0     000089f2  _Key                            
0     00008a06  _Turn_Off                       
0     00008a25  _InitSysCtrl                    
0     00008a3f  _ServiceDog                     
0     00008a49  _DisableDog                     
0     00008a51  _InitPll                        
0     00008aa6  _InitPll2                       
0     00008ad4  _InitPeripheralClocks           
0     00008b2a  _CsmUnlock                      
0     00008b5b  _IntOsc1Sel                     
0     00008b6b  _IntOsc2Sel                     
0     00008b7f  _XtalOscSel                     
0     00008b9b  _ExtOscSel                      
0     00008bb1  _InitCCDGPIO                    
0     00008bbf  _Init_Adc_CCD                   
0     00008be2  _Dly_us                         
0     00008bed  _CCD_Start                      
0     00008c21  _Read_CCD                       
0     00008c78  _Find_CCD_Zhongzhi              
0     00008d0b  _Init_I2CA                      
0     00008d2e  _I2C_xrdy                       
0     00008d37  _I2C_rrdy                       
0     00008d40  _WriteData                      
0     00008d7a  _ReadData                       
0     00008dd4  _IICwriteBit                    
0     00008e05  _IICwriteBits                   
0     00008e4a  _InitEPwm                       
0     00008e4b  _InitEPwmGpio                   
0     00008e5c  _InitEPwm1Gpio                  
0     00008e6e  _InitEPwm2Gpio                  
0     00008e80  _InitEPwm3Gpio                  
0     00008e94  _InitEPwm4Gpio                  
0     00008ea8  _InitEPwm5Gpio                  
0     00008eba  _InitEPwm6Gpio                  
0     00008ecc  _InitEPwm7Gpio                  
0     00008ede  _InitEPwm8Gpio                  
0     00008ef0  _InitEPwmSyncGpio               
0     00008f01  _InitTzGpio                     
0     00008f22  _atan2                          
0     00008f22  _atan2f                         
0     00008ff6  _atan                           
0     00008ff6  _atanf                          
0     000090bf  FS$$DIV                         
0     00009147  _TIMER0_ISR                     
0     000091cd  _InitCpuTimers                  
0     00009208  _ConfigCpuTimer                 
0     00009247  _InitPWM1                       
0     0000927b  _InitPWM2                       
0     000092af  _POSSPEED_Init                  
0     000092f0  _Read_Encoder                   
0     0000930b  _c_int00                        
0     00009361  _copy_in                        
0     000093a7  _InitEQep                       
0     000093a8  _InitEQepGpio                   
0     000093ad  _InitEQep1Gpio                  
0     000093c5  _InitEQep2Gpio                  
0     000093db  C$$EXIT                         
0     000093db  _abort                          
0     000093dd  _exit                           
0     00009404  _InitPieCtrl                    
0     00009423  _EnableInterrupts               
0     0000942c  _Init_KEY_GPIO                  
0     0000943a  _click                          
0     00009454  _InitPieVectTable               
0     0000947a  _ddcopy                         
0     0000947a  _dpcopy                         
0     0000947a  _pdcopy                         
0     0000947a  _ppcopy                         
0     00009494  __args_main                     
0     000094ad  __register_unlock               
0     000094b1  __register_lock                 
0     000094b5  __nop                           
0     000094be  _DSP28x_DisableInt              
0     000094c2  _DSP28x_RestoreInt              
0     000094c5  _SetDBGIER                      
0     000094c8  __system_pre_init               
0     000094ca  __system_post_cinit             
0     000094cb  ___etext__                      
0     000094cb  etext                           
1     00000400  __stack                         
1     00000700  __STACK_END                     
1     00000880  _DevEmuRegs                     
1     00000985  _SysPwrCtrlRegs                 
1     00000a80  _FlashRegs                      
1     00000ae0  _CsmRegs                        
1     00000b00  _AdcResult                      
1     00000c00  _CpuTimer0Regs                  
1     00000c08  _CpuTimer1Regs                  
1     00000c10  _CpuTimer2Regs                  
1     00000ce0  _PieCtrlRegs                    
1     00000d00  _EmuKey                         
1     00000d00  _PieVectTable                   
1     00000d01  _EmuBMode                       
1     00000d02  _Flash_CallbackPtr              
1     00000d04  _Flash_CPUScaleFactor           
1     00001000  _DmaRegs                        
1     00001400  _Cla1Regs                       
1     00004000  _Usb0Regs                       
1     00005000  _McbspaRegs                     
1     00006000  _ECanaRegs                      
1     00006040  _ECanaLAMRegs                   
1     00006080  _ECanaMOTSRegs                  
1     000060c0  _ECanaMOTORegs                  
1     00006100  _ECanaMboxes                    
1     00006400  _Comp1Regs                      
1     00006420  _Comp2Regs                      
1     00006440  _Comp3Regs                      
1     00006800  _EPwm1Regs                      
1     00006840  _EPwm2Regs                      
1     00006880  _EPwm3Regs                      
1     000068c0  _EPwm4Regs                      
1     00006900  _EPwm5Regs                      
1     00006940  _EPwm6Regs                      
1     00006980  _EPwm7Regs                      
1     000069c0  _EPwm8Regs                      
1     00006a00  _ECap1Regs                      
1     00006a20  _ECap2Regs                      
1     00006a40  _ECap3Regs                      
1     00006ac0  _HRCap1Regs                     
1     00006ae0  _HRCap2Regs                     
1     00006b00  _EQep1Regs                      
1     00006b40  _EQep2Regs                      
1     00006c80  _HRCap3Regs                     
1     00006ca0  _HRCap4Regs                     
1     00006f80  _GpioCtrlRegs                   
1     00006fc0  _GpioDataRegs                   
1     00006fe0  _GpioIntRegs                    
1     00007010  _SysCtrlRegs                    
1     00007040  _SpiaRegs                       
1     00007050  _SciaRegs                       
1     00007060  _NmiIntruptRegs                 
1     00007070  _XIntruptRegs                   
1     00007100  _AdcRegs                        
1     00007740  _SpibRegs                       
1     00007750  _ScibRegs                       
1     00007900  _I2caRegs                       
1     0000a000  _Encoder_Right                  
1     0000a001  _Velocity_Pwm                   
1     0000a002  _Balance_Pwm                    
1     0000a003  _Turn_Pwm                       
1     0000a004  _Moto2                          
1     0000a005  _Moto1                          
1     0000a006  _Encoder_Left                   
1     0000a00b  _CCD_Yuzhi                      
1     0000a00c  _CCD_Z                          
1     0000a00d  _Flag_Stop                      
1     0000a00e  _ZZ                             
1     0000a014  _Angle_Balance                  
1     0000a01e  _Gyro_Turn                      
1     0000a020  _Gyro_Balance                   
1     0000a040  _ADV                            
1     0000a0c0  _i                              
1     0000a0c1  _GYRO_OFFSET_OK                 
1     0000a0c2  _Temperature                    
1     0000a0c3  _C_0                            
1     0000a0c4  _ACC_OFFSET_OK                  
1     0000a0c6  _Q_bias                         
1     0000a0c8  _Angle_err                      
1     0000a0ca  _R_angle                        
1     0000a0cc  _Q_gyro                         
1     0000a0ce  _dt                             
1     0000a0d0  _K_1                            
1     0000a0d2  _K_0                            
1     0000a0d4  _t_1                            
1     0000a0d6  _PCt_1                          
1     0000a0d8  _PCt_0                          
1     0000a0da  _t_0                            
1     0000a0dc  _K1                             
1     0000a0de  _Q_angle                        
1     0000a0e0  _angle_dot                      
1     0000a0e2  _angle                          
1     0000a0e4  _E                              
1     0000a0e6  _GYRO_OFFSET                    
1     0000a0e9  _MPU6050_GYRO_LAST              
1     0000a0ec  _MPU6050_ACC_LAST               
1     0000a0ef  _ACC_OFFSET                     
1     0000a0f2  _PP                             
1     0000a100  _Pdot                           
1     0000a108  _mpu6050_buffer                 
1     0000a116  _CpuTimer1                      
1     0000a11e  _CpuTimer2                      
1     0000a126  _CpuTimer0                      
1     0000a134  ___TI_enable_exit_profile_output
1     0000a136  ___TI_cleanup_ptr               
1     0000a138  ___TI_dtors_ptr                 
1     0000a13a  __lock                          
1     0000a13c  __unlock                        
1     0000a140  _PieVectTableInit               
1     003d7e80  _PartIdRegs                     
1     003f7ff8  _CsmPwl                         
abs   00000300  __STACK_SIZE                    
abs   ffffffff  ___TI_pprof_out_hndl            
abs   ffffffff  ___TI_prof_data_size            
abs   ffffffff  ___TI_prof_data_start           
abs   ffffffff  ___binit__                      
abs   ffffffff  ___c_args__                     
abs   ffffffff  ___pinit__                      
abs   ffffffff  binit                           
abs   ffffffff  pinit                           

[323 symbols]
